Component: Arm Compiler for Embedded 6.24 Tool: armlink [5f371500]

==============================================================================

Section Cross References

    main.o(.ARM.exidx.text.delay_ms) refers to main.o(.text.delay_ms) for [Anonymous Symbol]
    main.o(.ARM.exidx.text.enable_gpio_spi1_clocks) refers to main.o(.text.enable_gpio_spi1_clocks) for [Anonymous Symbol]
    main.o(.text.config_spi1_pins) refers to main.o(.text.gpio_mode) for gpio_mode
    main.o(.text.config_spi1_pins) refers to main.o(.text.gpio_af) for gpio_af
    main.o(.text.config_spi1_pins) refers to main.o(.text.gpio_highspeed) for gpio_highspeed
    main.o(.text.config_spi1_pins) refers to main.o(.text.cs_high) for cs_high
    main.o(.text.config_spi1_pins) refers to main.o(.text.rst_high) for rst_high
    main.o(.ARM.exidx.text.config_spi1_pins) refers to main.o(.text.config_spi1_pins) for [Anonymous Symbol]
    main.o(.ARM.exidx.text.gpio_mode) refers to main.o(.text.gpio_mode) for [Anonymous Symbol]
    main.o(.ARM.exidx.text.gpio_af) refers to main.o(.text.gpio_af) for [Anonymous Symbol]
    main.o(.ARM.exidx.text.gpio_highspeed) refers to main.o(.text.gpio_highspeed) for [Anonymous Symbol]
    main.o(.ARM.exidx.text.cs_high) refers to main.o(.text.cs_high) for [Anonymous Symbol]
    main.o(.ARM.exidx.text.rst_high) refers to main.o(.text.rst_high) for [Anonymous Symbol]
    main.o(.ARM.exidx.text.spi1_init_mode0) refers to main.o(.text.spi1_init_mode0) for [Anonymous Symbol]
    main.o(.ARM.exidx.text.spi1_txrx) refers to main.o(.text.spi1_txrx) for [Anonymous Symbol]
    main.o(.text.mfrc522_hw_reset) refers to main.o(.text.rst_low) for rst_low
    main.o(.text.mfrc522_hw_reset) refers to main.o(.text.delay_ms) for delay_ms
    main.o(.text.mfrc522_hw_reset) refers to main.o(.text.rst_high) for rst_high
    main.o(.ARM.exidx.text.mfrc522_hw_reset) refers to main.o(.text.mfrc522_hw_reset) for [Anonymous Symbol]
    main.o(.ARM.exidx.text.rst_low) refers to main.o(.text.rst_low) for [Anonymous Symbol]
    main.o(.text.mfrc522_read) refers to main.o(.text.cs_low) for cs_low
    main.o(.text.mfrc522_read) refers to main.o(.text.spi1_txrx) for spi1_txrx
    main.o(.text.mfrc522_read) refers to main.o(.text.cs_high) for cs_high
    main.o(.ARM.exidx.text.mfrc522_read) refers to main.o(.text.mfrc522_read) for [Anonymous Symbol]
    main.o(.ARM.exidx.text.cs_low) refers to main.o(.text.cs_low) for [Anonymous Symbol]
    main.o(.text.mfrc522_write) refers to main.o(.text.cs_low) for cs_low
    main.o(.text.mfrc522_write) refers to main.o(.text.spi1_txrx) for spi1_txrx
    main.o(.text.mfrc522_write) refers to main.o(.text.cs_high) for cs_high
    main.o(.ARM.exidx.text.mfrc522_write) refers to main.o(.text.mfrc522_write) for [Anonymous Symbol]
    main.o(.text.mfrc522_soft_reset) refers to main.o(.text.mfrc522_write) for mfrc522_write
    main.o(.text.mfrc522_soft_reset) refers to main.o(.text.delay_ms) for delay_ms
    main.o(.ARM.exidx.text.mfrc522_soft_reset) refers to main.o(.text.mfrc522_soft_reset) for [Anonymous Symbol]
    main.o(.text.mfrc522_antenna_on) refers to main.o(.text.mfrc522_read) for mfrc522_read
    main.o(.text.mfrc522_antenna_on) refers to main.o(.text.mfrc522_write) for mfrc522_write
    main.o(.ARM.exidx.text.mfrc522_antenna_on) refers to main.o(.text.mfrc522_antenna_on) for [Anonymous Symbol]
    main.o(.text.mfrc522_init_14443a) refers to main.o(.text.mfrc522_write) for mfrc522_write
    main.o(.text.mfrc522_init_14443a) refers to main.o(.text.mfrc522_antenna_on) for mfrc522_antenna_on
    main.o(.ARM.exidx.text.mfrc522_init_14443a) refers to main.o(.text.mfrc522_init_14443a) for [Anonymous Symbol]
    main.o(.ARM.exidx.text.leds_init) refers to main.o(.text.leds_init) for [Anonymous Symbol]
    main.o(.text.main) refers to main.o(.text.enable_gpio_spi1_clocks) for enable_gpio_spi1_clocks
    main.o(.text.main) refers to main.o(.text.config_spi1_pins) for config_spi1_pins
    main.o(.text.main) refers to main.o(.text.spi1_init_mode0) for spi1_init_mode0
    main.o(.text.main) refers to main.o(.text.mfrc522_hw_reset) for mfrc522_hw_reset
    main.o(.text.main) refers to main.o(.text.mfrc522_soft_reset) for mfrc522_soft_reset
    main.o(.text.main) refers to main.o(.text.mfrc522_init_14443a) for mfrc522_init_14443a
    main.o(.text.main) refers to main.o(.text.leds_init) for leds_init
    main.o(.text.main) refers to keypad.o(.text.keypad_init) for keypad_init
    main.o(.text.main) refers to main.o(.text.mfrc522_read) for mfrc522_read
    main.o(.text.main) refers to main.o(.text.picc_request_a) for picc_request_a
    main.o(.text.main) refers to main.o(.text.picc_anticoll_cl1) for picc_anticoll_cl1
    main.o(.text.main) refers to main.o(.bss.main.uid_str) for main.uid_str
    main.o(.text.main) refers to main.o(.text.uid_to_hex) for uid_to_hex
    main.o(.text.main) refers to main.o(.text.picc_select_cl1) for picc_select_cl1
    main.o(.text.main) refers to main.o(.rodata.AUTH_UID) for AUTH_UID
    main.o(.text.main) refers to main.o(.text.uid_equal) for uid_equal
    main.o(.text.main) refers to main.o(.text.check_pin_blocking) for check_pin_blocking
    main.o(.text.main) refers to main.o(.text.delay_ms) for delay_ms
    main.o(.ARM.exidx.text.main) refers to main.o(.text.main) for [Anonymous Symbol]
    main.o(.text.picc_request_a) refers to main.o(.text.mfrc522_transceive) for mfrc522_transceive
    main.o(.ARM.exidx.text.picc_request_a) refers to main.o(.text.picc_request_a) for [Anonymous Symbol]
    main.o(.text.picc_anticoll_cl1) refers to main.o(.text.mfrc522_transceive) for mfrc522_transceive
    main.o(.ARM.exidx.text.picc_anticoll_cl1) refers to main.o(.text.picc_anticoll_cl1) for [Anonymous Symbol]
    main.o(.text.uid_to_hex) refers to main.o(.rodata.str1.1) for .L.str
    main.o(.ARM.exidx.text.uid_to_hex) refers to main.o(.text.uid_to_hex) for [Anonymous Symbol]
    main.o(.text.picc_select_cl1) refers to main.o(.text.mfrc522_crc) for mfrc522_crc
    main.o(.text.picc_select_cl1) refers to main.o(.text.mfrc522_transceive) for mfrc522_transceive
    main.o(.ARM.exidx.text.picc_select_cl1) refers to main.o(.text.picc_select_cl1) for [Anonymous Symbol]
    main.o(.ARM.exidx.text.uid_equal) refers to main.o(.text.uid_equal) for [Anonymous Symbol]
    main.o(.text.check_pin_blocking) refers to keypad.o(.text.keypad_read_code) for keypad_read_code
    main.o(.text.check_pin_blocking) refers to main.o(.rodata.EXPECTED_PIN) for EXPECTED_PIN
    main.o(.ARM.exidx.text.check_pin_blocking) refers to main.o(.text.check_pin_blocking) for [Anonymous Symbol]
    main.o(.text.mfrc522_transceive) refers to main.o(.text.mfrc522_write) for mfrc522_write
    main.o(.text.mfrc522_transceive) refers to main.o(.text.mfrc522_read) for mfrc522_read
    main.o(.ARM.exidx.text.mfrc522_transceive) refers to main.o(.text.mfrc522_transceive) for [Anonymous Symbol]
    main.o(.text.mfrc522_crc) refers to main.o(.text.mfrc522_write) for mfrc522_write
    main.o(.text.mfrc522_crc) refers to main.o(.text.mfrc522_read) for mfrc522_read
    main.o(.ARM.exidx.text.mfrc522_crc) refers to main.o(.text.mfrc522_crc) for [Anonymous Symbol]
    keypad.o(.text.keypad_init) refers to keypad.o(.text.cols_release) for cols_release
    keypad.o(.ARM.exidx.text.keypad_init) refers to keypad.o(.text.keypad_init) for [Anonymous Symbol]
    keypad.o(.ARM.exidx.text.cols_release) refers to keypad.o(.text.cols_release) for [Anonymous Symbol]
    keypad.o(.text.keypad_scan) refers to keypad.o(.text.col_drive) for col_drive
    keypad.o(.text.keypad_scan) refers to main.o(.text.delay_ms) for delay_ms
    keypad.o(.text.keypad_scan) refers to keypad.o(.text.read_row) for read_row
    keypad.o(.text.keypad_scan) refers to keypad.o(.text.confirm_row) for confirm_row
    keypad.o(.text.keypad_scan) refers to keypad.o(.text.cols_release) for cols_release
    keypad.o(.text.keypad_scan) refers to keypad.o(.rodata.kp_map) for kp_map
    keypad.o(.ARM.exidx.text.keypad_scan) refers to keypad.o(.text.keypad_scan) for [Anonymous Symbol]
    keypad.o(.text.col_drive) refers to keypad.o(.text.cols_release) for cols_release
    keypad.o(.ARM.exidx.text.col_drive) refers to keypad.o(.text.col_drive) for [Anonymous Symbol]
    keypad.o(.ARM.exidx.text.read_row) refers to keypad.o(.text.read_row) for [Anonymous Symbol]
    keypad.o(.text.confirm_row) refers to keypad.o(.text.col_drive) for col_drive
    keypad.o(.text.confirm_row) refers to main.o(.text.delay_ms) for delay_ms
    keypad.o(.text.confirm_row) refers to keypad.o(.text.read_row) for read_row
    keypad.o(.ARM.exidx.text.confirm_row) refers to keypad.o(.text.confirm_row) for [Anonymous Symbol]
    keypad.o(.text.keypad_read_code) refers to keypad.o(.text.keypad_scan) for keypad_scan
    keypad.o(.text.keypad_read_code) refers to main.o(.text.delay_ms) for delay_ms
    keypad.o(.ARM.exidx.text.keypad_read_code) refers to keypad.o(.text.keypad_read_code) for [Anonymous Symbol]
    startup_stm32f446xx.o(STACK) refers (Special) to heapauxi.o(.text) for __use_two_region_memory
    startup_stm32f446xx.o(HEAP) refers (Special) to heapauxi.o(.text) for __use_two_region_memory
    startup_stm32f446xx.o(RESET) refers (Special) to heapauxi.o(.text) for __use_two_region_memory
    startup_stm32f446xx.o(RESET) refers to startup_stm32f446xx.o(STACK) for __initial_sp
    startup_stm32f446xx.o(RESET) refers to startup_stm32f446xx.o(.text) for Reset_Handler
    startup_stm32f446xx.o(.text) refers (Special) to heapauxi.o(.text) for __use_two_region_memory
    startup_stm32f446xx.o(.text) refers to system_stm32f4xx.o(.text.SystemInit) for SystemInit
    startup_stm32f446xx.o(.text) refers to __main.o(!!!main) for __main
    startup_stm32f446xx.o(.text) refers to startup_stm32f446xx.o(HEAP) for Heap_Mem
    startup_stm32f446xx.o(.text) refers to startup_stm32f446xx.o(STACK) for Stack_Mem
    system_stm32f4xx.o(.ARM.exidx.text.SystemInit) refers to system_stm32f4xx.o(.text.SystemInit) for [Anonymous Symbol]
    system_stm32f4xx.o(.text.SystemCoreClockUpdate) refers to system_stm32f4xx.o(.data.SystemCoreClock) for SystemCoreClock
    system_stm32f4xx.o(.text.SystemCoreClockUpdate) refers to system_stm32f4xx.o(.rodata.AHBPrescTable) for AHBPrescTable
    system_stm32f4xx.o(.ARM.exidx.text.SystemCoreClockUpdate) refers to system_stm32f4xx.o(.text.SystemCoreClockUpdate) for [Anonymous Symbol]
    __main.o(!!!main) refers to __rtentry.o(.ARM.Collect$$rtentry$$00000000) for __rt_entry
    __rtentry.o(.ARM.Collect$$rtentry$$00000000) refers (Special) to __rtentry2.o(.ARM.Collect$$rtentry$$0000000A) for __rt_entry_li
    __rtentry.o(.ARM.Collect$$rtentry$$00000000) refers (Special) to __rtentry2.o(.ARM.Collect$$rtentry$$0000000D) for __rt_entry_main
    __rtentry.o(.ARM.Collect$$rtentry$$00000000) refers (Special) to __rtentry2.o(.ARM.Collect$$rtentry$$0000000C) for __rt_entry_postli_1
    __rtentry.o(.ARM.Collect$$rtentry$$00000000) refers (Special) to __rtentry2.o(.ARM.Collect$$rtentry$$00000009) for __rt_entry_postsh_1
    __rtentry.o(.ARM.Collect$$rtentry$$00000000) refers (Special) to __rtentry2.o(.ARM.Collect$$rtentry$$00000002) for __rt_entry_presh_1
    __rtentry.o(.ARM.Collect$$rtentry$$00000000) refers (Special) to __rtentry4.o(.ARM.Collect$$rtentry$$00000004) for __rt_entry_sh
    __rtentry2.o(.ARM.Collect$$rtentry$$00000008) refers to boardinit2.o(.text) for _platform_post_stackheap_init
    __rtentry2.o(.ARM.Collect$$rtentry$$0000000A) refers to libinit.o(.ARM.Collect$$libinit$$00000000) for __rt_lib_init
    __rtentry2.o(.ARM.Collect$$rtentry$$0000000B) refers to boardinit3.o(.text) for _platform_post_lib_init
    __rtentry2.o(.ARM.Collect$$rtentry$$0000000D) refers to main.o(.text.main) for main
    __rtentry2.o(.ARM.Collect$$rtentry$$0000000D) refers to exit.o(.text) for exit
    __rtentry2.o(.ARM.exidx) refers to __rtentry2.o(.ARM.Collect$$rtentry$$00000001) for .ARM.Collect$$rtentry$$00000001
    __rtentry2.o(.ARM.exidx) refers to __rtentry2.o(.ARM.Collect$$rtentry$$00000008) for .ARM.Collect$$rtentry$$00000008
    __rtentry2.o(.ARM.exidx) refers to __rtentry2.o(.ARM.Collect$$rtentry$$0000000A) for .ARM.Collect$$rtentry$$0000000A
    __rtentry2.o(.ARM.exidx) refers to __rtentry2.o(.ARM.Collect$$rtentry$$0000000B) for .ARM.Collect$$rtentry$$0000000B
    __rtentry2.o(.ARM.exidx) refers to __rtentry2.o(.ARM.Collect$$rtentry$$0000000D) for .ARM.Collect$$rtentry$$0000000D
    __rtentry4.o(.ARM.Collect$$rtentry$$00000004) refers to sys_stackheap_outer.o(.text) for __user_setup_stackheap
    __rtentry4.o(.ARM.exidx) refers to __rtentry4.o(.ARM.Collect$$rtentry$$00000004) for .ARM.Collect$$rtentry$$00000004
    sys_stackheap_outer.o(.text) refers to libspace.o(.text) for __user_perproc_libspace
    sys_stackheap_outer.o(.text) refers to startup_stm32f446xx.o(.text) for __user_initial_stackheap
    exit.o(.text) refers to rtexit.o(.ARM.Collect$$rtexit$$00000000) for __rt_exit
    libinit.o(.ARM.Collect$$libinit$$00000000) refers (Special) to libinit2.o(.ARM.Collect$$libinit$$00000030) for __rt_lib_init_alloca_1
    libinit.o(.ARM.Collect$$libinit$$00000000) refers (Special) to libinit2.o(.ARM.Collect$$libinit$$0000002E) for __rt_lib_init_argv_1
    libinit.o(.ARM.Collect$$libinit$$00000000) refers (Special) to libinit2.o(.ARM.Collect$$libinit$$0000001D) for __rt_lib_init_atexit_1
    libinit.o(.ARM.Collect$$libinit$$00000000) refers (Special) to libinit2.o(.ARM.Collect$$libinit$$00000023) for __rt_lib_init_clock_1
    libinit.o(.ARM.Collect$$libinit$$00000000) refers (Special) to libinit2.o(.ARM.Collect$$libinit$$00000034) for __rt_lib_init_cpp_1
    libinit.o(.ARM.Collect$$libinit$$00000000) refers (Special) to libinit2.o(.ARM.Collect$$libinit$$00000032) for __rt_lib_init_exceptions_1
    libinit.o(.ARM.Collect$$libinit$$00000000) refers (Special) to libinit2.o(.ARM.Collect$$libinit$$00000001) for __rt_lib_init_fp_1
    libinit.o(.ARM.Collect$$libinit$$00000000) refers (Special) to libinit2.o(.ARM.Collect$$libinit$$00000021) for __rt_lib_init_fp_trap_1
    libinit.o(.ARM.Collect$$libinit$$00000000) refers (Special) to libinit2.o(.ARM.Collect$$libinit$$00000025) for __rt_lib_init_getenv_1
    libinit.o(.ARM.Collect$$libinit$$00000000) refers (Special) to libinit2.o(.ARM.Collect$$libinit$$0000000C) for __rt_lib_init_heap_1
    libinit.o(.ARM.Collect$$libinit$$00000000) refers (Special) to libinit2.o(.ARM.Collect$$libinit$$00000013) for __rt_lib_init_lc_collate_1
    libinit.o(.ARM.Collect$$libinit$$00000000) refers (Special) to libinit2.o(.ARM.Collect$$libinit$$00000015) for __rt_lib_init_lc_ctype_1
    libinit.o(.ARM.Collect$$libinit$$00000000) refers (Special) to libinit2.o(.ARM.Collect$$libinit$$00000017) for __rt_lib_init_lc_monetary_1
    libinit.o(.ARM.Collect$$libinit$$00000000) refers (Special) to libinit2.o(.ARM.Collect$$libinit$$00000019) for __rt_lib_init_lc_numeric_1
    libinit.o(.ARM.Collect$$libinit$$00000000) refers (Special) to libinit2.o(.ARM.Collect$$libinit$$0000001B) for __rt_lib_init_lc_time_1
    libinit.o(.ARM.Collect$$libinit$$00000000) refers (Special) to libinit2.o(.ARM.Collect$$libinit$$00000006) for __rt_lib_init_preinit_1
    libinit.o(.ARM.Collect$$libinit$$00000000) refers (Special) to libinit2.o(.ARM.Collect$$libinit$$00000010) for __rt_lib_init_rand_1
    libinit.o(.ARM.Collect$$libinit$$00000000) refers (Special) to libinit2.o(.ARM.Collect$$libinit$$00000004) for __rt_lib_init_relocate_pie_1
    libinit.o(.ARM.Collect$$libinit$$00000000) refers (Special) to libinit2.o(.ARM.Collect$$libinit$$00000035) for __rt_lib_init_return
    libinit.o(.ARM.Collect$$libinit$$00000000) refers (Special) to libinit2.o(.ARM.Collect$$libinit$$0000001F) for __rt_lib_init_signal_1
    libinit.o(.ARM.Collect$$libinit$$00000000) refers (Special) to libinit2.o(.ARM.Collect$$libinit$$00000027) for __rt_lib_init_stdio_1
    libinit.o(.ARM.Collect$$libinit$$00000000) refers (Special) to libinit2.o(.ARM.Collect$$libinit$$0000000E) for __rt_lib_init_user_alloc_1
    libspace.o(.text) refers to libspace.o(.bss) for __libspace_start
    rtexit.o(.ARM.Collect$$rtexit$$00000000) refers (Special) to rtexit2.o(.ARM.Collect$$rtexit$$00000004) for __rt_exit_exit
    rtexit.o(.ARM.Collect$$rtexit$$00000000) refers (Special) to rtexit2.o(.ARM.Collect$$rtexit$$00000003) for __rt_exit_ls
    rtexit.o(.ARM.Collect$$rtexit$$00000000) refers (Special) to rtexit2.o(.ARM.Collect$$rtexit$$00000002) for __rt_exit_prels_1
    rtexit.o(.ARM.exidx) refers (Special) to rtexit2.o(.ARM.Collect$$rtexit$$00000004) for __rt_exit_exit
    rtexit.o(.ARM.exidx) refers (Special) to rtexit2.o(.ARM.Collect$$rtexit$$00000003) for __rt_exit_ls
    rtexit.o(.ARM.exidx) refers (Special) to rtexit2.o(.ARM.Collect$$rtexit$$00000002) for __rt_exit_prels_1
    rtexit.o(.ARM.exidx) refers to rtexit.o(.ARM.Collect$$rtexit$$00000000) for .ARM.Collect$$rtexit$$00000000
    libinit2.o(.ARM.Collect$$libinit$$00000001) refers to fpinit.o(x$fpl$fpinit) for _fp_init
    libinit2.o(.ARM.Collect$$libinit$$00000012) refers to libinit2.o(.ARM.Collect$$libinit$$00000011) for .ARM.Collect$$libinit$$00000011
    libinit2.o(.ARM.Collect$$libinit$$00000014) refers to libinit2.o(.ARM.Collect$$libinit$$00000011) for .ARM.Collect$$libinit$$00000011
    libinit2.o(.ARM.Collect$$libinit$$00000016) refers to libinit2.o(.ARM.Collect$$libinit$$00000011) for .ARM.Collect$$libinit$$00000011
    libinit2.o(.ARM.Collect$$libinit$$00000018) refers to libinit2.o(.ARM.Collect$$libinit$$00000011) for .ARM.Collect$$libinit$$00000011
    libinit2.o(.ARM.Collect$$libinit$$0000001A) refers to libinit2.o(.ARM.Collect$$libinit$$00000011) for .ARM.Collect$$libinit$$00000011
    libinit2.o(.ARM.Collect$$libinit$$00000028) refers to argv_veneer.o(.emb_text) for __ARM_argv_veneer
    libinit2.o(.ARM.Collect$$libinit$$00000029) refers to argv_veneer.o(.emb_text) for __ARM_argv_veneer
    rtexit2.o(.ARM.Collect$$rtexit$$00000003) refers to libshutdown.o(.ARM.Collect$$libshutdown$$00000000) for __rt_lib_shutdown
    rtexit2.o(.ARM.Collect$$rtexit$$00000004) refers to sys_exit.o(.text) for _sys_exit
    rtexit2.o(.ARM.exidx) refers to rtexit2.o(.ARM.Collect$$rtexit$$00000001) for .ARM.Collect$$rtexit$$00000001
    rtexit2.o(.ARM.exidx) refers to rtexit2.o(.ARM.Collect$$rtexit$$00000003) for .ARM.Collect$$rtexit$$00000003
    rtexit2.o(.ARM.exidx) refers to rtexit2.o(.ARM.Collect$$rtexit$$00000004) for .ARM.Collect$$rtexit$$00000004
    argv_veneer.o(.emb_text) refers to no_argv.o(.text) for __ARM_get_argv
    sys_exit.o(.text) refers (Special) to use_no_semi.o(.text) for __I$use$semihosting
    sys_exit.o(.text) refers (Special) to indicate_semi.o(.text) for __semihosting_library_function
    sys_exit_hlt.o(.text) refers (Special) to use_no_semi.o(.text) for __I$use$semihosting
    sys_exit_hlt.o(.text) refers (Special) to indicate_semi.o(.text) for __semihosting_library_function
    _get_argv_nomalloc.o(.text) refers (Special) to hrguard.o(.text) for __heap_region$guard
    _get_argv_nomalloc.o(.text) refers to defsig_rtmem_outer.o(.text) for __rt_SIGRTMEM
    _get_argv_nomalloc.o(.text) refers to sys_command.o(.text) for _sys_command_string
    libshutdown.o(.ARM.Collect$$libshutdown$$00000000) refers (Special) to libshutdown2.o(.ARM.Collect$$libshutdown$$00000002) for __rt_lib_shutdown_cpp_1
    libshutdown.o(.ARM.Collect$$libshutdown$$00000000) refers (Special) to libshutdown2.o(.ARM.Collect$$libshutdown$$00000007) for __rt_lib_shutdown_fp_trap_1
    libshutdown.o(.ARM.Collect$$libshutdown$$00000000) refers (Special) to libshutdown2.o(.ARM.Collect$$libshutdown$$0000000F) for __rt_lib_shutdown_heap_1
    libshutdown.o(.ARM.Collect$$libshutdown$$00000000) refers (Special) to libshutdown2.o(.ARM.Collect$$libshutdown$$00000010) for __rt_lib_shutdown_return
    libshutdown.o(.ARM.Collect$$libshutdown$$00000000) refers (Special) to libshutdown2.o(.ARM.Collect$$libshutdown$$0000000A) for __rt_lib_shutdown_signal_1
    libshutdown.o(.ARM.Collect$$libshutdown$$00000000) refers (Special) to libshutdown2.o(.ARM.Collect$$libshutdown$$00000004) for __rt_lib_shutdown_stdio_1
    libshutdown.o(.ARM.Collect$$libshutdown$$00000000) refers (Special) to libshutdown2.o(.ARM.Collect$$libshutdown$$0000000C) for __rt_lib_shutdown_user_alloc_1
    sys_command.o(.text) refers (Special) to use_no_semi.o(.text) for __I$use$semihosting
    sys_command.o(.text) refers (Special) to indicate_semi.o(.text) for __semihosting_library_function
    sys_command_hlt.o(.text) refers (Special) to use_no_semi.o(.text) for __I$use$semihosting
    sys_command_hlt.o(.text) refers (Special) to indicate_semi.o(.text) for __semihosting_library_function
    defsig_rtmem_outer.o(.text) refers to defsig_rtmem_inner.o(.text) for __rt_SIGRTMEM_inner
    defsig_rtmem_outer.o(.text) refers to defsig_exit.o(.text) for __sig_exit
    defsig_rtmem_formal.o(.text) refers to rt_raise.o(.text) for __rt_raise
    rt_raise.o(.text) refers to __raise.o(.text) for __raise
    rt_raise.o(.text) refers to sys_exit.o(.text) for _sys_exit
    defsig_exit.o(.text) refers to sys_exit.o(.text) for _sys_exit
    defsig_rtmem_inner.o(.text) refers to defsig_general.o(.text) for __default_signal_display
    __raise.o(.text) refers to defsig.o(CL$$defsig) for __default_signal_handler
    defsig_general.o(.text) refers to sys_wrch.o(.text) for _ttywrch
    sys_wrch.o(.text) refers (Special) to use_no_semi.o(.text) for __I$use$semihosting
    sys_wrch.o(.text) refers (Special) to indicate_semi.o(.text) for __semihosting_library_function
    sys_wrch_hlt.o(.text) refers (Special) to use_no_semi.o(.text) for __I$use$semihosting
    sys_wrch_hlt.o(.text) refers (Special) to indicate_semi.o(.text) for __semihosting_library_function
    defsig.o(CL$$defsig) refers to defsig_rtmem_inner.o(.text) for __rt_SIGRTMEM_inner
    defsig_abrt_inner.o(.text) refers to defsig_general.o(.text) for __default_signal_display
    defsig_fpe_inner.o(.text) refers to defsig_general.o(.text) for __default_signal_display
    defsig_rtred_inner.o(.text) refers to defsig_general.o(.text) for __default_signal_display
    defsig_stak_inner.o(.text) refers to defsig_general.o(.text) for __default_signal_display
    defsig_pvfn_inner.o(.text) refers to defsig_general.o(.text) for __default_signal_display
    defsig_cppl_inner.o(.text) refers to defsig_general.o(.text) for __default_signal_display
    defsig_segv_inner.o(.text) refers to defsig_general.o(.text) for __default_signal_display
    defsig_other.o(.text) refers to defsig_general.o(.text) for __default_signal_display


==============================================================================

Removing Unused input sections from the image.

    Removing main.o(.text), (0 bytes).
    Removing main.o(.ARM.exidx.text.delay_ms), (8 bytes).
    Removing main.o(.ARM.exidx.text.enable_gpio_spi1_clocks), (8 bytes).
    Removing main.o(.ARM.exidx.text.config_spi1_pins), (8 bytes).
    Removing main.o(.ARM.exidx.text.gpio_mode), (8 bytes).
    Removing main.o(.ARM.exidx.text.gpio_af), (8 bytes).
    Removing main.o(.ARM.exidx.text.gpio_highspeed), (8 bytes).
    Removing main.o(.ARM.exidx.text.cs_high), (8 bytes).
    Removing main.o(.ARM.exidx.text.rst_high), (8 bytes).
    Removing main.o(.ARM.exidx.text.spi1_init_mode0), (8 bytes).
    Removing main.o(.ARM.exidx.text.spi1_txrx), (8 bytes).
    Removing main.o(.ARM.exidx.text.mfrc522_hw_reset), (8 bytes).
    Removing main.o(.ARM.exidx.text.rst_low), (8 bytes).
    Removing main.o(.ARM.exidx.text.mfrc522_read), (8 bytes).
    Removing main.o(.ARM.exidx.text.cs_low), (8 bytes).
    Removing main.o(.ARM.exidx.text.mfrc522_write), (8 bytes).
    Removing main.o(.ARM.exidx.text.mfrc522_soft_reset), (8 bytes).
    Removing main.o(.ARM.exidx.text.mfrc522_antenna_on), (8 bytes).
    Removing main.o(.ARM.exidx.text.mfrc522_init_14443a), (8 bytes).
    Removing main.o(.ARM.exidx.text.leds_init), (8 bytes).
    Removing main.o(.ARM.exidx.text.main), (8 bytes).
    Removing main.o(.ARM.exidx.text.picc_request_a), (8 bytes).
    Removing main.o(.ARM.exidx.text.picc_anticoll_cl1), (8 bytes).
    Removing main.o(.ARM.exidx.text.uid_to_hex), (8 bytes).
    Removing main.o(.ARM.exidx.text.picc_select_cl1), (8 bytes).
    Removing main.o(.ARM.exidx.text.uid_equal), (8 bytes).
    Removing main.o(.ARM.exidx.text.check_pin_blocking), (8 bytes).
    Removing main.o(.ARM.exidx.text.mfrc522_transceive), (8 bytes).
    Removing main.o(.ARM.exidx.text.mfrc522_crc), (8 bytes).
    Removing main.o(.rodata..L__const.picc_anticoll_cl1.cmd), (2 bytes).
    Removing main.o(.ARM.use_no_argv), (4 bytes).
    Removing keypad.o(.text), (0 bytes).
    Removing keypad.o(.ARM.exidx.text.keypad_init), (8 bytes).
    Removing keypad.o(.ARM.exidx.text.cols_release), (8 bytes).
    Removing keypad.o(.ARM.exidx.text.keypad_scan), (8 bytes).
    Removing keypad.o(.ARM.exidx.text.col_drive), (8 bytes).
    Removing keypad.o(.ARM.exidx.text.read_row), (8 bytes).
    Removing keypad.o(.ARM.exidx.text.confirm_row), (8 bytes).
    Removing keypad.o(.ARM.exidx.text.keypad_read_code), (8 bytes).
    Removing system_stm32f4xx.o(.text), (0 bytes).
    Removing system_stm32f4xx.o(.ARM.exidx.text.SystemInit), (8 bytes).
    Removing system_stm32f4xx.o(.text.SystemCoreClockUpdate), (302 bytes).
    Removing system_stm32f4xx.o(.ARM.exidx.text.SystemCoreClockUpdate), (8 bytes).
    Removing system_stm32f4xx.o(.data.SystemCoreClock), (4 bytes).
    Removing system_stm32f4xx.o(.rodata.AHBPrescTable), (16 bytes).
    Removing system_stm32f4xx.o(.rodata.APBPrescTable), (8 bytes).

46 unused section(s) (total 632 bytes) removed from the image.

==============================================================================

Image Symbol Table

    Local Symbols

    Symbol Name                              Value     Ov Type        Size  Object(Section)

    ../clib/angel/boardlib.s                 0x00000000   Number         0  boardinit1.o ABSOLUTE
    ../clib/angel/boardlib.s                 0x00000000   Number         0  boardinit2.o ABSOLUTE
    ../clib/angel/boardlib.s                 0x00000000   Number         0  boardinit3.o ABSOLUTE
    ../clib/angel/boardlib.s                 0x00000000   Number         0  boardshut.o ABSOLUTE
    ../clib/angel/handlers.s                 0x00000000   Number         0  __scatter_zi.o ABSOLUTE
    ../clib/angel/kernel.s                   0x00000000   Number         0  __rtentry.o ABSOLUTE
    ../clib/angel/kernel.s                   0x00000000   Number         0  __rtentry2.o ABSOLUTE
    ../clib/angel/kernel.s                   0x00000000   Number         0  __rtentry4.o ABSOLUTE
    ../clib/angel/kernel.s                   0x00000000   Number         0  rtexit.o ABSOLUTE
    ../clib/angel/kernel.s                   0x00000000   Number         0  rtexit2.o ABSOLUTE
    ../clib/angel/rt.s                       0x00000000   Number         0  rt_raise.o ABSOLUTE
    ../clib/angel/scatter.s                  0x00000000   Number         0  __scatter.o ABSOLUTE
    ../clib/angel/startup.s                  0x00000000   Number         0  __main.o ABSOLUTE
    ../clib/angel/sys.s                      0x00000000   Number         0  sys_stackheap_outer.o ABSOLUTE
    ../clib/angel/sys.s                      0x00000000   Number         0  libspace.o ABSOLUTE
    ../clib/angel/sys.s                      0x00000000   Number         0  use_no_semi.o ABSOLUTE
    ../clib/angel/sys.s                      0x00000000   Number         0  indicate_semi.o ABSOLUTE
    ../clib/angel/sysapp.c                   0x00000000   Number         0  sys_exit.o ABSOLUTE
    ../clib/angel/sysapp.c                   0x00000000   Number         0  sys_exit_hlt.o ABSOLUTE
    ../clib/angel/sysapp.c                   0x00000000   Number         0  sys_command.o ABSOLUTE
    ../clib/angel/sysapp.c                   0x00000000   Number         0  sys_command_hlt.o ABSOLUTE
    ../clib/angel/sysapp.c                   0x00000000   Number         0  sys_wrch.o ABSOLUTE
    ../clib/angel/sysapp.c                   0x00000000   Number         0  sys_wrch_hlt.o ABSOLUTE
    ../clib/armsys.c                         0x00000000   Number         0  argv_veneer.o ABSOLUTE
    ../clib/armsys.c                         0x00000000   Number         0  argv_veneer.o ABSOLUTE
    ../clib/armsys.c                         0x00000000   Number         0  _get_argv_nomalloc.o ABSOLUTE
    ../clib/armsys.c                         0x00000000   Number         0  no_argv.o ABSOLUTE
    ../clib/heapalloc.c                      0x00000000   Number         0  hrguard.o ABSOLUTE
    ../clib/heapaux.c                        0x00000000   Number         0  heapauxi.o ABSOLUTE
    ../clib/libinit.s                        0x00000000   Number         0  libinit.o ABSOLUTE
    ../clib/libinit.s                        0x00000000   Number         0  libinit2.o ABSOLUTE
    ../clib/libinit.s                        0x00000000   Number         0  libshutdown.o ABSOLUTE
    ../clib/libinit.s                        0x00000000   Number         0  libshutdown2.o ABSOLUTE
    ../clib/signal.c                         0x00000000   Number         0  defsig_rtmem_outer.o ABSOLUTE
    ../clib/signal.c                         0x00000000   Number         0  defsig_rtmem_formal.o ABSOLUTE
    ../clib/signal.c                         0x00000000   Number         0  defsig_exit.o ABSOLUTE
    ../clib/signal.c                         0x00000000   Number         0  defsig_rtmem_inner.o ABSOLUTE
    ../clib/signal.c                         0x00000000   Number         0  __raise.o ABSOLUTE
    ../clib/signal.c                         0x00000000   Number         0  defsig_general.o ABSOLUTE
    ../clib/signal.c                         0x00000000   Number         0  defsig_abrt_inner.o ABSOLUTE
    ../clib/signal.c                         0x00000000   Number         0  defsig_fpe_inner.o ABSOLUTE
    ../clib/signal.c                         0x00000000   Number         0  defsig_rtred_inner.o ABSOLUTE
    ../clib/signal.c                         0x00000000   Number         0  defsig_stak_inner.o ABSOLUTE
    ../clib/signal.c                         0x00000000   Number         0  defsig_pvfn_inner.o ABSOLUTE
    ../clib/signal.c                         0x00000000   Number         0  defsig_cppl_inner.o ABSOLUTE
    ../clib/signal.c                         0x00000000   Number         0  defsig_segv_inner.o ABSOLUTE
    ../clib/signal.c                         0x00000000   Number         0  defsig_other.o ABSOLUTE
    ../clib/signal.s                         0x00000000   Number         0  defsig.o ABSOLUTE
    ../clib/stdlib.c                         0x00000000   Number         0  exit.o ABSOLUTE
    ../fplib/fpinit.s                        0x00000000   Number         0  fpinit.o ABSOLUTE
    RTE/Device/STM32F446RETx/startup_stm32f446xx.s 0x00000000   Number         0  startup_stm32f446xx.o ABSOLUTE
    dc.s                                     0x00000000   Number         0  dc.o ABSOLUTE
    keypad.c                                 0x00000000   Number         0  keypad.o ABSOLUTE
    main.c                                   0x00000000   Number         0  main.o ABSOLUTE
    system_stm32f4xx.c                       0x00000000   Number         0  system_stm32f4xx.o ABSOLUTE
    RESET                                    0x08000000   Section      452  startup_stm32f446xx.o(RESET)
    !!!main                                  0x080001c4   Section        8  __main.o(!!!main)
    !!!scatter                               0x080001cc   Section       92  __scatter.o(!!!scatter)
    !!handler_null                           0x08000228   Section        2  __scatter.o(!!handler_null)
    !!handler_zi                             0x0800022c   Section       28  __scatter_zi.o(!!handler_zi)
    .ARM.Collect$$libinit$$00000000          0x08000248   Section        2  libinit.o(.ARM.Collect$$libinit$$00000000)
    .ARM.Collect$$libinit$$00000001          0x0800024a   Section        4  libinit2.o(.ARM.Collect$$libinit$$00000001)
    .ARM.Collect$$libinit$$00000004          0x0800024e   Section        0  libinit2.o(.ARM.Collect$$libinit$$00000004)
    .ARM.Collect$$libinit$$00000006          0x0800024e   Section        0  libinit2.o(.ARM.Collect$$libinit$$00000006)
    .ARM.Collect$$libinit$$0000000C          0x0800024e   Section        0  libinit2.o(.ARM.Collect$$libinit$$0000000C)
    .ARM.Collect$$libinit$$0000000E          0x0800024e   Section        0  libinit2.o(.ARM.Collect$$libinit$$0000000E)
    .ARM.Collect$$libinit$$00000010          0x0800024e   Section        0  libinit2.o(.ARM.Collect$$libinit$$00000010)
    .ARM.Collect$$libinit$$00000013          0x0800024e   Section        0  libinit2.o(.ARM.Collect$$libinit$$00000013)
    .ARM.Collect$$libinit$$00000015          0x0800024e   Section        0  libinit2.o(.ARM.Collect$$libinit$$00000015)
    .ARM.Collect$$libinit$$00000017          0x0800024e   Section        0  libinit2.o(.ARM.Collect$$libinit$$00000017)
    .ARM.Collect$$libinit$$00000019          0x0800024e   Section        0  libinit2.o(.ARM.Collect$$libinit$$00000019)
    .ARM.Collect$$libinit$$0000001B          0x0800024e   Section        0  libinit2.o(.ARM.Collect$$libinit$$0000001B)
    .ARM.Collect$$libinit$$0000001D          0x0800024e   Section        0  libinit2.o(.ARM.Collect$$libinit$$0000001D)
    .ARM.Collect$$libinit$$0000001F          0x0800024e   Section        0  libinit2.o(.ARM.Collect$$libinit$$0000001F)
    .ARM.Collect$$libinit$$00000021          0x0800024e   Section        0  libinit2.o(.ARM.Collect$$libinit$$00000021)
    .ARM.Collect$$libinit$$00000023          0x0800024e   Section        0  libinit2.o(.ARM.Collect$$libinit$$00000023)
    .ARM.Collect$$libinit$$00000025          0x0800024e   Section        0  libinit2.o(.ARM.Collect$$libinit$$00000025)
    .ARM.Collect$$libinit$$00000027          0x0800024e   Section        0  libinit2.o(.ARM.Collect$$libinit$$00000027)
    .ARM.Collect$$libinit$$0000002E          0x0800024e   Section        0  libinit2.o(.ARM.Collect$$libinit$$0000002E)
    .ARM.Collect$$libinit$$00000030          0x0800024e   Section        0  libinit2.o(.ARM.Collect$$libinit$$00000030)
    .ARM.Collect$$libinit$$00000032          0x0800024e   Section        0  libinit2.o(.ARM.Collect$$libinit$$00000032)
    .ARM.Collect$$libinit$$00000034          0x0800024e   Section        0  libinit2.o(.ARM.Collect$$libinit$$00000034)
    .ARM.Collect$$libinit$$00000035          0x0800024e   Section        2  libinit2.o(.ARM.Collect$$libinit$$00000035)
    .ARM.Collect$$libshutdown$$00000000      0x08000250   Section        2  libshutdown.o(.ARM.Collect$$libshutdown$$00000000)
    .ARM.Collect$$libshutdown$$00000002      0x08000252   Section        0  libshutdown2.o(.ARM.Collect$$libshutdown$$00000002)
    .ARM.Collect$$libshutdown$$00000004      0x08000252   Section        0  libshutdown2.o(.ARM.Collect$$libshutdown$$00000004)
    .ARM.Collect$$libshutdown$$00000007      0x08000252   Section        0  libshutdown2.o(.ARM.Collect$$libshutdown$$00000007)
    .ARM.Collect$$libshutdown$$0000000A      0x08000252   Section        0  libshutdown2.o(.ARM.Collect$$libshutdown$$0000000A)
    .ARM.Collect$$libshutdown$$0000000C      0x08000252   Section        0  libshutdown2.o(.ARM.Collect$$libshutdown$$0000000C)
    .ARM.Collect$$libshutdown$$0000000F      0x08000252   Section        0  libshutdown2.o(.ARM.Collect$$libshutdown$$0000000F)
    .ARM.Collect$$libshutdown$$00000010      0x08000252   Section        2  libshutdown2.o(.ARM.Collect$$libshutdown$$00000010)
    .ARM.Collect$$rtentry$$00000000          0x08000254   Section        0  __rtentry.o(.ARM.Collect$$rtentry$$00000000)
    .ARM.Collect$$rtentry$$00000002          0x08000254   Section        0  __rtentry2.o(.ARM.Collect$$rtentry$$00000002)
    .ARM.Collect$$rtentry$$00000004          0x08000254   Section        6  __rtentry4.o(.ARM.Collect$$rtentry$$00000004)
    .ARM.Collect$$rtentry$$00000009          0x0800025a   Section        0  __rtentry2.o(.ARM.Collect$$rtentry$$00000009)
    .ARM.Collect$$rtentry$$0000000A          0x0800025a   Section        4  __rtentry2.o(.ARM.Collect$$rtentry$$0000000A)
    .ARM.Collect$$rtentry$$0000000C          0x0800025e   Section        0  __rtentry2.o(.ARM.Collect$$rtentry$$0000000C)
    .ARM.Collect$$rtentry$$0000000D          0x0800025e   Section        8  __rtentry2.o(.ARM.Collect$$rtentry$$0000000D)
    .ARM.Collect$$rtexit$$00000000           0x08000266   Section        2  rtexit.o(.ARM.Collect$$rtexit$$00000000)
    .ARM.Collect$$rtexit$$00000002           0x08000268   Section        0  rtexit2.o(.ARM.Collect$$rtexit$$00000002)
    .ARM.Collect$$rtexit$$00000003           0x08000268   Section        4  rtexit2.o(.ARM.Collect$$rtexit$$00000003)
    .ARM.Collect$$rtexit$$00000004           0x0800026c   Section        6  rtexit2.o(.ARM.Collect$$rtexit$$00000004)
    $v0                                      0x08000274   Number         0  startup_stm32f446xx.o(.text)
    .text                                    0x08000274   Section       64  startup_stm32f446xx.o(.text)
    .text                                    0x080002b4   Section        0  heapauxi.o(.text)
    .text                                    0x080002ba   Section       74  sys_stackheap_outer.o(.text)
    .text                                    0x08000304   Section        0  exit.o(.text)
    .text                                    0x08000318   Section        8  libspace.o(.text)
    .text                                    0x08000320   Section        0  sys_exit.o(.text)
    .text                                    0x0800032c   Section        2  use_no_semi.o(.text)
    .text                                    0x0800032e   Section        0  indicate_semi.o(.text)
    [Anonymous Symbol]                       0x08000330   Section        0  system_stm32f4xx.o(.text.SystemInit)
    check_pin_blocking                       0x08000345   Thumb Code   160  main.o(.text.check_pin_blocking)
    [Anonymous Symbol]                       0x08000344   Section        0  main.o(.text.check_pin_blocking)
    col_drive                                0x080003e5   Thumb Code    98  keypad.o(.text.col_drive)
    [Anonymous Symbol]                       0x080003e4   Section        0  keypad.o(.text.col_drive)
    cols_release                             0x08000449   Thumb Code    38  keypad.o(.text.cols_release)
    [Anonymous Symbol]                       0x08000448   Section        0  keypad.o(.text.cols_release)
    [Anonymous Symbol]                       0x08000470   Section        0  main.o(.text.config_spi1_pins)
    confirm_row                              0x08000511   Thumb Code   140  keypad.o(.text.confirm_row)
    [Anonymous Symbol]                       0x08000510   Section        0  keypad.o(.text.confirm_row)
    cs_high                                  0x0800059d   Thumb Code    14  main.o(.text.cs_high)
    [Anonymous Symbol]                       0x0800059c   Section        0  main.o(.text.cs_high)
    cs_low                                   0x080005ad   Thumb Code    16  main.o(.text.cs_low)
    [Anonymous Symbol]                       0x080005ac   Section        0  main.o(.text.cs_low)
    [Anonymous Symbol]                       0x080005bc   Section        0  main.o(.text.delay_ms)
    [Anonymous Symbol]                       0x080005f0   Section        0  main.o(.text.enable_gpio_spi1_clocks)
    gpio_af                                  0x08000615   Thumb Code    98  main.o(.text.gpio_af)
    [Anonymous Symbol]                       0x08000614   Section        0  main.o(.text.gpio_af)
    gpio_highspeed                           0x08000679   Thumb Code    68  main.o(.text.gpio_highspeed)
    [Anonymous Symbol]                       0x08000678   Section        0  main.o(.text.gpio_highspeed)
    gpio_mode                                0x080006bd   Thumb Code    54  main.o(.text.gpio_mode)
    [Anonymous Symbol]                       0x080006bc   Section        0  main.o(.text.gpio_mode)
    [Anonymous Symbol]                       0x080006f4   Section        0  keypad.o(.text.keypad_init)
    [Anonymous Symbol]                       0x0800091c   Section        0  keypad.o(.text.keypad_read_code)
    [Anonymous Symbol]                       0x080009a4   Section        0  keypad.o(.text.keypad_scan)
    [Anonymous Symbol]                       0x08000a54   Section        0  main.o(.text.leds_init)
    [Anonymous Symbol]                       0x08000b54   Section        0  main.o(.text.main)
    [Anonymous Symbol]                       0x08000d88   Section        0  main.o(.text.mfrc522_antenna_on)
    mfrc522_crc                              0x08000dad   Thumb Code   172  main.o(.text.mfrc522_crc)
    [Anonymous Symbol]                       0x08000dac   Section        0  main.o(.text.mfrc522_crc)
    [Anonymous Symbol]                       0x08000e58   Section        0  main.o(.text.mfrc522_hw_reset)
    [Anonymous Symbol]                       0x08000e78   Section        0  main.o(.text.mfrc522_init_14443a)
    [Anonymous Symbol]                       0x08000ec0   Section        0  main.o(.text.mfrc522_read)
    [Anonymous Symbol]                       0x08000ef0   Section        0  main.o(.text.mfrc522_soft_reset)
    mfrc522_transceive                       0x08000f05   Thumb Code   374  main.o(.text.mfrc522_transceive)
    [Anonymous Symbol]                       0x08000f04   Section        0  main.o(.text.mfrc522_transceive)
    [Anonymous Symbol]                       0x0800107c   Section        0  main.o(.text.mfrc522_write)
    picc_anticoll_cl1                        0x080010ad   Thumb Code   180  main.o(.text.picc_anticoll_cl1)
    [Anonymous Symbol]                       0x080010ac   Section        0  main.o(.text.picc_anticoll_cl1)
    picc_request_a                           0x08001161   Thumb Code   116  main.o(.text.picc_request_a)
    [Anonymous Symbol]                       0x08001160   Section        0  main.o(.text.picc_request_a)
    picc_select_cl1                          0x080011d5   Thumb Code   202  main.o(.text.picc_select_cl1)
    [Anonymous Symbol]                       0x080011d4   Section        0  main.o(.text.picc_select_cl1)
    read_row                                 0x080012a1   Thumb Code   122  keypad.o(.text.read_row)
    [Anonymous Symbol]                       0x080012a0   Section        0  keypad.o(.text.read_row)
    rst_high                                 0x0800131d   Thumb Code    14  main.o(.text.rst_high)
    [Anonymous Symbol]                       0x0800131c   Section        0  main.o(.text.rst_high)
    rst_low                                  0x0800132d   Thumb Code    16  main.o(.text.rst_low)
    [Anonymous Symbol]                       0x0800132c   Section        0  main.o(.text.rst_low)
    [Anonymous Symbol]                       0x0800133c   Section        0  main.o(.text.spi1_init_mode0)
    [Anonymous Symbol]                       0x08001370   Section        0  main.o(.text.spi1_txrx)
    uid_equal                                0x080013bd   Thumb Code    90  main.o(.text.uid_equal)
    [Anonymous Symbol]                       0x080013bc   Section        0  main.o(.text.uid_equal)
    uid_to_hex                               0x08001419   Thumb Code   108  main.o(.text.uid_to_hex)
    [Anonymous Symbol]                       0x08001418   Section        0  main.o(.text.uid_to_hex)
    $v0                                      0x08001484   Number         0  fpinit.o(x$fpl$fpinit)
    x$fpl$fpinit                             0x08001484   Section       26  fpinit.o(x$fpl$fpinit)
    AUTH_UID                                 0x0800149e   Data           4  main.o(.rodata.AUTH_UID)
    [Anonymous Symbol]                       0x0800149e   Section        0  main.o(.rodata.AUTH_UID)
    EXPECTED_PIN                             0x080014a2   Data           4  main.o(.rodata.EXPECTED_PIN)
    [Anonymous Symbol]                       0x080014a2   Section        0  main.o(.rodata.EXPECTED_PIN)
    kp_map                                   0x080014a6   Data          16  keypad.o(.rodata.kp_map)
    [Anonymous Symbol]                       0x080014a6   Section        0  keypad.o(.rodata.kp_map)
    .L.str                                   0x080014b6   Data          17  main.o(.rodata.str1.1)
    [Anonymous Symbol]                       0x080014b6   Section        0  main.o(.rodata.str1.1)
    .bss                                     0x20000000   Section       96  libspace.o(.bss)
    main.uid_str                             0x20000060   Data          12  main.o(.bss.main.uid_str)
    [Anonymous Symbol]                       0x20000060   Section        0  main.o(.bss.main.uid_str)
    Heap_Mem                                 0x20000070   Data         512  startup_stm32f446xx.o(HEAP)
    HEAP                                     0x20000070   Section      512  startup_stm32f446xx.o(HEAP)
    Stack_Mem                                0x20000270   Data        1024  startup_stm32f446xx.o(STACK)
    STACK                                    0x20000270   Section     1024  startup_stm32f446xx.o(STACK)
    __initial_sp                             0x20000670   Data           0  startup_stm32f446xx.o(STACK)

    Global Symbols

    Symbol Name                              Value     Ov Type        Size  Object(Section)

    BuildAttributes$$THM_ISAv4$E$P$D$K$B$S$7EM$VFPi3$EXTD16$VFPS$VFMA$PE$A:L22UL41UL21$X:L11$S22US41US21$IEEE1$IW$~IW$USESV6$~STKCKD$USESV7$~SHL$OSPACE$ROPI$EBA8$UX$STANDARDLIB$REQ8$PRES8$EABIv2 0x00000000   Number         0  anon$$obj.o ABSOLUTE
    __ARM_exceptions_init                     - Undefined Weak Reference
    __alloca_initialize                       - Undefined Weak Reference
    __arm_preinit_                            - Undefined Weak Reference
    __arm_relocate_pie_                       - Undefined Weak Reference
    __cpp_initialize__aeabi_                  - Undefined Weak Reference
    __cxa_finalize                            - Undefined Weak Reference
    __rt_locale                               - Undefined Weak Reference
    __sigvec_lookup                           - Undefined Weak Reference
    _atexit_init                              - Undefined Weak Reference
    _call_atexit_fns                          - Undefined Weak Reference
    _clock_init                               - Undefined Weak Reference
    _fp_trap_init                             - Undefined Weak Reference
    _fp_trap_shutdown                         - Undefined Weak Reference
    _get_lc_collate                           - Undefined Weak Reference
    _get_lc_ctype                             - Undefined Weak Reference
    _get_lc_monetary                          - Undefined Weak Reference
    _get_lc_numeric                           - Undefined Weak Reference
    _get_lc_time                              - Undefined Weak Reference
    _getenv_init                              - Undefined Weak Reference
    _handle_redirection                       - Undefined Weak Reference
    _init_alloc                               - Undefined Weak Reference
    _init_user_alloc                          - Undefined Weak Reference
    _initio                                   - Undefined Weak Reference
    _rand_init                                - Undefined Weak Reference
    _signal_finish                            - Undefined Weak Reference
    _signal_init                              - Undefined Weak Reference
    _terminate_alloc                          - Undefined Weak Reference
    _terminate_user_alloc                     - Undefined Weak Reference
    _terminateio                              - Undefined Weak Reference
    __Vectors_Size                           0x000001c4   Number         0  startup_stm32f446xx.o ABSOLUTE
    __Vectors                                0x08000000   Data           4  startup_stm32f446xx.o(RESET)
    __Vectors_End                            0x080001c4   Data           0  startup_stm32f446xx.o(RESET)
    __main                                   0x080001c5   Thumb Code     8  __main.o(!!!main)
    __scatterload                            0x080001cd   Thumb Code     0  __scatter.o(!!!scatter)
    __scatterload_rt2                        0x080001cd   Thumb Code    84  __scatter.o(!!!scatter)
    __scatterload_rt2_thumb_only             0x080001cd   Thumb Code     0  __scatter.o(!!!scatter)
    __scatterload_loop                       0x080001d7   Thumb Code     0  __scatter.o(!!!scatter)
    __scatterload_null                       0x08000229   Thumb Code     2  __scatter.o(!!handler_null)
    __scatterload_zeroinit                   0x0800022d   Thumb Code    28  __scatter_zi.o(!!handler_zi)
    __rt_lib_init                            0x08000249   Thumb Code     0  libinit.o(.ARM.Collect$$libinit$$00000000)
    __rt_lib_init_fp_1                       0x0800024b   Thumb Code     0  libinit2.o(.ARM.Collect$$libinit$$00000001)
    __rt_lib_init_alloca_1                   0x0800024f   Thumb Code     0  libinit2.o(.ARM.Collect$$libinit$$00000030)
    __rt_lib_init_argv_1                     0x0800024f   Thumb Code     0  libinit2.o(.ARM.Collect$$libinit$$0000002E)
    __rt_lib_init_atexit_1                   0x0800024f   Thumb Code     0  libinit2.o(.ARM.Collect$$libinit$$0000001D)
    __rt_lib_init_clock_1                    0x0800024f   Thumb Code     0  libinit2.o(.ARM.Collect$$libinit$$00000023)
    __rt_lib_init_cpp_1                      0x0800024f   Thumb Code     0  libinit2.o(.ARM.Collect$$libinit$$00000034)
    __rt_lib_init_exceptions_1               0x0800024f   Thumb Code     0  libinit2.o(.ARM.Collect$$libinit$$00000032)
    __rt_lib_init_fp_trap_1                  0x0800024f   Thumb Code     0  libinit2.o(.ARM.Collect$$libinit$$00000021)
    __rt_lib_init_getenv_1                   0x0800024f   Thumb Code     0  libinit2.o(.ARM.Collect$$libinit$$00000025)
    __rt_lib_init_heap_1                     0x0800024f   Thumb Code     0  libinit2.o(.ARM.Collect$$libinit$$0000000C)
    __rt_lib_init_lc_collate_1               0x0800024f   Thumb Code     0  libinit2.o(.ARM.Collect$$libinit$$00000013)
    __rt_lib_init_lc_ctype_1                 0x0800024f   Thumb Code     0  libinit2.o(.ARM.Collect$$libinit$$00000015)
    __rt_lib_init_lc_monetary_1              0x0800024f   Thumb Code     0  libinit2.o(.ARM.Collect$$libinit$$00000017)
    __rt_lib_init_lc_numeric_1               0x0800024f   Thumb Code     0  libinit2.o(.ARM.Collect$$libinit$$00000019)
    __rt_lib_init_lc_time_1                  0x0800024f   Thumb Code     0  libinit2.o(.ARM.Collect$$libinit$$0000001B)
    __rt_lib_init_preinit_1                  0x0800024f   Thumb Code     0  libinit2.o(.ARM.Collect$$libinit$$00000006)
    __rt_lib_init_rand_1                     0x0800024f   Thumb Code     0  libinit2.o(.ARM.Collect$$libinit$$00000010)
    __rt_lib_init_relocate_pie_1             0x0800024f   Thumb Code     0  libinit2.o(.ARM.Collect$$libinit$$00000004)
    __rt_lib_init_return                     0x0800024f   Thumb Code     0  libinit2.o(.ARM.Collect$$libinit$$00000035)
    __rt_lib_init_signal_1                   0x0800024f   Thumb Code     0  libinit2.o(.ARM.Collect$$libinit$$0000001F)
    __rt_lib_init_stdio_1                    0x0800024f   Thumb Code     0  libinit2.o(.ARM.Collect$$libinit$$00000027)
    __rt_lib_init_user_alloc_1               0x0800024f   Thumb Code     0  libinit2.o(.ARM.Collect$$libinit$$0000000E)
    __rt_lib_shutdown                        0x08000251   Thumb Code     0  libshutdown.o(.ARM.Collect$$libshutdown$$00000000)
    __rt_lib_shutdown_cpp_1                  0x08000253   Thumb Code     0  libshutdown2.o(.ARM.Collect$$libshutdown$$00000002)
    __rt_lib_shutdown_fp_trap_1              0x08000253   Thumb Code     0  libshutdown2.o(.ARM.Collect$$libshutdown$$00000007)
    __rt_lib_shutdown_heap_1                 0x08000253   Thumb Code     0  libshutdown2.o(.ARM.Collect$$libshutdown$$0000000F)
    __rt_lib_shutdown_return                 0x08000253   Thumb Code     0  libshutdown2.o(.ARM.Collect$$libshutdown$$00000010)
    __rt_lib_shutdown_signal_1               0x08000253   Thumb Code     0  libshutdown2.o(.ARM.Collect$$libshutdown$$0000000A)
    __rt_lib_shutdown_stdio_1                0x08000253   Thumb Code     0  libshutdown2.o(.ARM.Collect$$libshutdown$$00000004)
    __rt_lib_shutdown_user_alloc_1           0x08000253   Thumb Code     0  libshutdown2.o(.ARM.Collect$$libshutdown$$0000000C)
    __rt_entry                               0x08000255   Thumb Code     0  __rtentry.o(.ARM.Collect$$rtentry$$00000000)
    __rt_entry_presh_1                       0x08000255   Thumb Code     0  __rtentry2.o(.ARM.Collect$$rtentry$$00000002)
    __rt_entry_sh                            0x08000255   Thumb Code     0  __rtentry4.o(.ARM.Collect$$rtentry$$00000004)
    __rt_entry_li                            0x0800025b   Thumb Code     0  __rtentry2.o(.ARM.Collect$$rtentry$$0000000A)
    __rt_entry_postsh_1                      0x0800025b   Thumb Code     0  __rtentry2.o(.ARM.Collect$$rtentry$$00000009)
    __rt_entry_main                          0x0800025f   Thumb Code     0  __rtentry2.o(.ARM.Collect$$rtentry$$0000000D)
    __rt_entry_postli_1                      0x0800025f   Thumb Code     0  __rtentry2.o(.ARM.Collect$$rtentry$$0000000C)
    __rt_exit                                0x08000267   Thumb Code     0  rtexit.o(.ARM.Collect$$rtexit$$00000000)
    __rt_exit_ls                             0x08000269   Thumb Code     0  rtexit2.o(.ARM.Collect$$rtexit$$00000003)
    __rt_exit_prels_1                        0x08000269   Thumb Code     0  rtexit2.o(.ARM.Collect$$rtexit$$00000002)
    __rt_exit_exit                           0x0800026d   Thumb Code     0  rtexit2.o(.ARM.Collect$$rtexit$$00000004)
    Reset_Handler                            0x08000275   Thumb Code     8  startup_stm32f446xx.o(.text)
    NMI_Handler                              0x0800027d   Thumb Code     2  startup_stm32f446xx.o(.text)
    HardFault_Handler                        0x0800027f   Thumb Code     2  startup_stm32f446xx.o(.text)
    MemManage_Handler                        0x08000281   Thumb Code     2  startup_stm32f446xx.o(.text)
    BusFault_Handler                         0x08000283   Thumb Code     2  startup_stm32f446xx.o(.text)
    UsageFault_Handler                       0x08000285   Thumb Code     2  startup_stm32f446xx.o(.text)
    SVC_Handler                              0x08000287   Thumb Code     2  startup_stm32f446xx.o(.text)
    DebugMon_Handler                         0x08000289   Thumb Code     2  startup_stm32f446xx.o(.text)
    PendSV_Handler                           0x0800028b   Thumb Code     2  startup_stm32f446xx.o(.text)
    SysTick_Handler                          0x0800028d   Thumb Code     2  startup_stm32f446xx.o(.text)
    ADC_IRQHandler                           0x0800028f   Thumb Code     0  startup_stm32f446xx.o(.text)
    CAN1_RX0_IRQHandler                      0x0800028f   Thumb Code     0  startup_stm32f446xx.o(.text)
    CAN1_RX1_IRQHandler                      0x0800028f   Thumb Code     0  startup_stm32f446xx.o(.text)
    CAN1_SCE_IRQHandler                      0x0800028f   Thumb Code     0  startup_stm32f446xx.o(.text)
    CAN1_TX_IRQHandler                       0x0800028f   Thumb Code     0  startup_stm32f446xx.o(.text)
    CAN2_RX0_IRQHandler                      0x0800028f   Thumb Code     0  startup_stm32f446xx.o(.text)
    CAN2_RX1_IRQHandler                      0x0800028f   Thumb Code     0  startup_stm32f446xx.o(.text)
    CAN2_SCE_IRQHandler                      0x0800028f   Thumb Code     0  startup_stm32f446xx.o(.text)
    CAN2_TX_IRQHandler                       0x0800028f   Thumb Code     0  startup_stm32f446xx.o(.text)
    CEC_IRQHandler                           0x0800028f   Thumb Code     0  startup_stm32f446xx.o(.text)
    DCMI_IRQHandler                          0x0800028f   Thumb Code     0  startup_stm32f446xx.o(.text)
    DMA1_Stream0_IRQHandler                  0x0800028f   Thumb Code     0  startup_stm32f446xx.o(.text)
    DMA1_Stream1_IRQHandler                  0x0800028f   Thumb Code     0  startup_stm32f446xx.o(.text)
    DMA1_Stream2_IRQHandler                  0x0800028f   Thumb Code     0  startup_stm32f446xx.o(.text)
    DMA1_Stream3_IRQHandler                  0x0800028f   Thumb Code     0  startup_stm32f446xx.o(.text)
    DMA1_Stream4_IRQHandler                  0x0800028f   Thumb Code     0  startup_stm32f446xx.o(.text)
    DMA1_Stream5_IRQHandler                  0x0800028f   Thumb Code     0  startup_stm32f446xx.o(.text)
    DMA1_Stream6_IRQHandler                  0x0800028f   Thumb Code     0  startup_stm32f446xx.o(.text)
    DMA1_Stream7_IRQHandler                  0x0800028f   Thumb Code     0  startup_stm32f446xx.o(.text)
    DMA2_Stream0_IRQHandler                  0x0800028f   Thumb Code     0  startup_stm32f446xx.o(.text)
    DMA2_Stream1_IRQHandler                  0x0800028f   Thumb Code     0  startup_stm32f446xx.o(.text)
    DMA2_Stream2_IRQHandler                  0x0800028f   Thumb Code     0  startup_stm32f446xx.o(.text)
    DMA2_Stream3_IRQHandler                  0x0800028f   Thumb Code     0  startup_stm32f446xx.o(.text)
    DMA2_Stream4_IRQHandler                  0x0800028f   Thumb Code     0  startup_stm32f446xx.o(.text)
    DMA2_Stream5_IRQHandler                  0x0800028f   Thumb Code     0  startup_stm32f446xx.o(.text)
    DMA2_Stream6_IRQHandler                  0x0800028f   Thumb Code     0  startup_stm32f446xx.o(.text)
    DMA2_Stream7_IRQHandler                  0x0800028f   Thumb Code     0  startup_stm32f446xx.o(.text)
    EXTI0_IRQHandler                         0x0800028f   Thumb Code     0  startup_stm32f446xx.o(.text)
    EXTI15_10_IRQHandler                     0x0800028f   Thumb Code     0  startup_stm32f446xx.o(.text)
    EXTI1_IRQHandler                         0x0800028f   Thumb Code     0  startup_stm32f446xx.o(.text)
    EXTI2_IRQHandler                         0x0800028f   Thumb Code     0  startup_stm32f446xx.o(.text)
    EXTI3_IRQHandler                         0x0800028f   Thumb Code     0  startup_stm32f446xx.o(.text)
    EXTI4_IRQHandler                         0x0800028f   Thumb Code     0  startup_stm32f446xx.o(.text)
    EXTI9_5_IRQHandler                       0x0800028f   Thumb Code     0  startup_stm32f446xx.o(.text)
    FLASH_IRQHandler                         0x0800028f   Thumb Code     0  startup_stm32f446xx.o(.text)
    FMC_IRQHandler                           0x0800028f   Thumb Code     0  startup_stm32f446xx.o(.text)
    FMPI2C1_ER_IRQHandler                    0x0800028f   Thumb Code     0  startup_stm32f446xx.o(.text)
    FMPI2C1_EV_IRQHandler                    0x0800028f   Thumb Code     0  startup_stm32f446xx.o(.text)
    FPU_IRQHandler                           0x0800028f   Thumb Code     0  startup_stm32f446xx.o(.text)
    I2C1_ER_IRQHandler                       0x0800028f   Thumb Code     0  startup_stm32f446xx.o(.text)
    I2C1_EV_IRQHandler                       0x0800028f   Thumb Code     0  startup_stm32f446xx.o(.text)
    I2C2_ER_IRQHandler                       0x0800028f   Thumb Code     0  startup_stm32f446xx.o(.text)
    I2C2_EV_IRQHandler                       0x0800028f   Thumb Code     0  startup_stm32f446xx.o(.text)
    I2C3_ER_IRQHandler                       0x0800028f   Thumb Code     0  startup_stm32f446xx.o(.text)
    I2C3_EV_IRQHandler                       0x0800028f   Thumb Code     0  startup_stm32f446xx.o(.text)
    OTG_FS_IRQHandler                        0x0800028f   Thumb Code     0  startup_stm32f446xx.o(.text)
    OTG_FS_WKUP_IRQHandler                   0x0800028f   Thumb Code     0  startup_stm32f446xx.o(.text)
    OTG_HS_EP1_IN_IRQHandler                 0x0800028f   Thumb Code     0  startup_stm32f446xx.o(.text)
    OTG_HS_EP1_OUT_IRQHandler                0x0800028f   Thumb Code     0  startup_stm32f446xx.o(.text)
    OTG_HS_IRQHandler                        0x0800028f   Thumb Code     0  startup_stm32f446xx.o(.text)
    OTG_HS_WKUP_IRQHandler                   0x0800028f   Thumb Code     0  startup_stm32f446xx.o(.text)
    PVD_IRQHandler                           0x0800028f   Thumb Code     0  startup_stm32f446xx.o(.text)
    QUADSPI_IRQHandler                       0x0800028f   Thumb Code     0  startup_stm32f446xx.o(.text)
    RCC_IRQHandler                           0x0800028f   Thumb Code     0  startup_stm32f446xx.o(.text)
    RTC_Alarm_IRQHandler                     0x0800028f   Thumb Code     0  startup_stm32f446xx.o(.text)
    RTC_WKUP_IRQHandler                      0x0800028f   Thumb Code     0  startup_stm32f446xx.o(.text)
    SAI1_IRQHandler                          0x0800028f   Thumb Code     0  startup_stm32f446xx.o(.text)
    SAI2_IRQHandler                          0x0800028f   Thumb Code     0  startup_stm32f446xx.o(.text)
    SDIO_IRQHandler                          0x0800028f   Thumb Code     0  startup_stm32f446xx.o(.text)
    SPDIF_RX_IRQHandler                      0x0800028f   Thumb Code     0  startup_stm32f446xx.o(.text)
    SPI1_IRQHandler                          0x0800028f   Thumb Code     0  startup_stm32f446xx.o(.text)
    SPI2_IRQHandler                          0x0800028f   Thumb Code     0  startup_stm32f446xx.o(.text)
    SPI3_IRQHandler                          0x0800028f   Thumb Code     0  startup_stm32f446xx.o(.text)
    SPI4_IRQHandler                          0x0800028f   Thumb Code     0  startup_stm32f446xx.o(.text)
    TAMP_STAMP_IRQHandler                    0x0800028f   Thumb Code     0  startup_stm32f446xx.o(.text)
    TIM1_BRK_TIM9_IRQHandler                 0x0800028f   Thumb Code     0  startup_stm32f446xx.o(.text)
    TIM1_CC_IRQHandler                       0x0800028f   Thumb Code     0  startup_stm32f446xx.o(.text)
    TIM1_TRG_COM_TIM11_IRQHandler            0x0800028f   Thumb Code     0  startup_stm32f446xx.o(.text)
    TIM1_UP_TIM10_IRQHandler                 0x0800028f   Thumb Code     0  startup_stm32f446xx.o(.text)
    TIM2_IRQHandler                          0x0800028f   Thumb Code     0  startup_stm32f446xx.o(.text)
    TIM3_IRQHandler                          0x0800028f   Thumb Code     0  startup_stm32f446xx.o(.text)
    TIM4_IRQHandler                          0x0800028f   Thumb Code     0  startup_stm32f446xx.o(.text)
    TIM5_IRQHandler                          0x0800028f   Thumb Code     0  startup_stm32f446xx.o(.text)
    TIM6_DAC_IRQHandler                      0x0800028f   Thumb Code     0  startup_stm32f446xx.o(.text)
    TIM7_IRQHandler                          0x0800028f   Thumb Code     0  startup_stm32f446xx.o(.text)
    TIM8_BRK_TIM12_IRQHandler                0x0800028f   Thumb Code     0  startup_stm32f446xx.o(.text)
    TIM8_CC_IRQHandler                       0x0800028f   Thumb Code     0  startup_stm32f446xx.o(.text)
    TIM8_TRG_COM_TIM14_IRQHandler            0x0800028f   Thumb Code     0  startup_stm32f446xx.o(.text)
    TIM8_UP_TIM13_IRQHandler                 0x0800028f   Thumb Code     0  startup_stm32f446xx.o(.text)
    UART4_IRQHandler                         0x0800028f   Thumb Code     0  startup_stm32f446xx.o(.text)
    UART5_IRQHandler                         0x0800028f   Thumb Code     0  startup_stm32f446xx.o(.text)
    USART1_IRQHandler                        0x0800028f   Thumb Code     0  startup_stm32f446xx.o(.text)
    USART2_IRQHandler                        0x0800028f   Thumb Code     0  startup_stm32f446xx.o(.text)
    USART3_IRQHandler                        0x0800028f   Thumb Code     0  startup_stm32f446xx.o(.text)
    USART6_IRQHandler                        0x0800028f   Thumb Code     0  startup_stm32f446xx.o(.text)
    WWDG_IRQHandler                          0x0800028f   Thumb Code     0  startup_stm32f446xx.o(.text)
    __user_initial_stackheap                 0x08000291   Thumb Code     0  startup_stm32f446xx.o(.text)
    __use_two_region_memory                  0x080002b5   Thumb Code     2  heapauxi.o(.text)
    __rt_heap_escrow$2region                 0x080002b7   Thumb Code     2  heapauxi.o(.text)
    __rt_heap_expand$2region                 0x080002b9   Thumb Code     2  heapauxi.o(.text)
    __user_setup_stackheap                   0x080002bb   Thumb Code    74  sys_stackheap_outer.o(.text)
    exit                                     0x08000305   Thumb Code    18  exit.o(.text)
    __user_libspace                          0x08000319   Thumb Code     8  libspace.o(.text)
    __user_perproc_libspace                  0x08000319   Thumb Code     0  libspace.o(.text)
    __user_perthread_libspace                0x08000319   Thumb Code     0  libspace.o(.text)
    _sys_exit                                0x08000321   Thumb Code     8  sys_exit.o(.text)
    __I$use$semihosting                      0x0800032d   Thumb Code     0  use_no_semi.o(.text)
    __use_no_semihosting_swi                 0x0800032d   Thumb Code     2  use_no_semi.o(.text)
    __semihosting_library_function           0x0800032f   Thumb Code     0  indicate_semi.o(.text)
    SystemInit                               0x08000331   Thumb Code    18  system_stm32f4xx.o(.text.SystemInit)
    config_spi1_pins                         0x08000471   Thumb Code   160  main.o(.text.config_spi1_pins)
    delay_ms                                 0x080005bd   Thumb Code    50  main.o(.text.delay_ms)
    enable_gpio_spi1_clocks                  0x080005f1   Thumb Code    34  main.o(.text.enable_gpio_spi1_clocks)
    keypad_init                              0x080006f5   Thumb Code   552  keypad.o(.text.keypad_init)
    keypad_read_code                         0x0800091d   Thumb Code   136  keypad.o(.text.keypad_read_code)
    keypad_scan                              0x080009a5   Thumb Code   174  keypad.o(.text.keypad_scan)
    leds_init                                0x08000a55   Thumb Code   254  main.o(.text.leds_init)
    main                                     0x08000b55   Thumb Code   564  main.o(.text.main)
    mfrc522_antenna_on                       0x08000d89   Thumb Code    36  main.o(.text.mfrc522_antenna_on)
    mfrc522_hw_reset                         0x08000e59   Thumb Code    30  main.o(.text.mfrc522_hw_reset)
    mfrc522_init_14443a                      0x08000e79   Thumb Code    72  main.o(.text.mfrc522_init_14443a)
    mfrc522_read                             0x08000ec1   Thumb Code    48  main.o(.text.mfrc522_read)
    mfrc522_soft_reset                       0x08000ef1   Thumb Code    18  main.o(.text.mfrc522_soft_reset)
    mfrc522_write                            0x0800107d   Thumb Code    46  main.o(.text.mfrc522_write)
    spi1_init_mode0                          0x0800133d   Thumb Code    50  main.o(.text.spi1_init_mode0)
    spi1_txrx                                0x08001371   Thumb Code    76  main.o(.text.spi1_txrx)
    _fp_init                                 0x08001485   Thumb Code    26  fpinit.o(x$fpl$fpinit)
    __fplib_config_fpu_vfp                   0x0800149d   Thumb Code     0  fpinit.o(x$fpl$fpinit)
    __fplib_config_pureend_doubles           0x0800149d   Thumb Code     0  fpinit.o(x$fpl$fpinit)
    Region$$Table$$Base                      0x080014c8   Number         0  anon$$obj.o(Region$$Table)
    Region$$Table$$Limit                     0x080014d8   Number         0  anon$$obj.o(Region$$Table)
    __libspace_start                         0x20000000   Data          96  libspace.o(.bss)
    __temporary_stack_top$libspace           0x20000060   Data           0  libspace.o(.bss)



==============================================================================

Memory Map of the image

  Image Entry point : 0x08000275

  Load Region LR_1 (Base: 0x08000000, Size: 0x000014d8, Max: 0xffffffff, ABSOLUTE)

    Execution Region ER_RO (Exec base: 0x08000000, Load base: 0x08000000, Size: 0x000014d8, Max: 0xffffffff, ABSOLUTE)

    Exec Addr    Load Addr    Size         Type   Attr      Idx    E Section Name        Object

    0x08000000   0x08000000   0x000001c4   Data   RO           94    RESET               startup_stm32f446xx.o
    0x080001c4   0x080001c4   0x00000008   Code   RO          119  * !!!main             c_w.l(__main.o)
    0x080001cc   0x080001cc   0x0000005c   Code   RO          284    !!!scatter          c_w.l(__scatter.o)
    0x08000228   0x08000228   0x00000002   Code   RO          285    !!handler_null      c_w.l(__scatter.o)
    0x0800022a   0x0800022a   0x00000002   PAD
    0x0800022c   0x0800022c   0x0000001c   Code   RO          288    !!handler_zi        c_w.l(__scatter_zi.o)
    0x08000248   0x08000248   0x00000002   Code   RO          146    .ARM.Collect$$libinit$$00000000  c_w.l(libinit.o)
    0x0800024a   0x0800024a   0x00000004   Code   RO          152    .ARM.Collect$$libinit$$00000001  c_w.l(libinit2.o)
    0x0800024e   0x0800024e   0x00000000   Code   RO          155    .ARM.Collect$$libinit$$00000004  c_w.l(libinit2.o)
    0x0800024e   0x0800024e   0x00000000   Code   RO          157    .ARM.Collect$$libinit$$00000006  c_w.l(libinit2.o)
    0x0800024e   0x0800024e   0x00000000   Code   RO          160    .ARM.Collect$$libinit$$0000000C  c_w.l(libinit2.o)
    0x0800024e   0x0800024e   0x00000000   Code   RO          162    .ARM.Collect$$libinit$$0000000E  c_w.l(libinit2.o)
    0x0800024e   0x0800024e   0x00000000   Code   RO          164    .ARM.Collect$$libinit$$00000010  c_w.l(libinit2.o)
    0x0800024e   0x0800024e   0x00000000   Code   RO          167    .ARM.Collect$$libinit$$00000013  c_w.l(libinit2.o)
    0x0800024e   0x0800024e   0x00000000   Code   RO          169    .ARM.Collect$$libinit$$00000015  c_w.l(libinit2.o)
    0x0800024e   0x0800024e   0x00000000   Code   RO          171    .ARM.Collect$$libinit$$00000017  c_w.l(libinit2.o)
    0x0800024e   0x0800024e   0x00000000   Code   RO          173    .ARM.Collect$$libinit$$00000019  c_w.l(libinit2.o)
    0x0800024e   0x0800024e   0x00000000   Code   RO          175    .ARM.Collect$$libinit$$0000001B  c_w.l(libinit2.o)
    0x0800024e   0x0800024e   0x00000000   Code   RO          177    .ARM.Collect$$libinit$$0000001D  c_w.l(libinit2.o)
    0x0800024e   0x0800024e   0x00000000   Code   RO          179    .ARM.Collect$$libinit$$0000001F  c_w.l(libinit2.o)
    0x0800024e   0x0800024e   0x00000000   Code   RO          181    .ARM.Collect$$libinit$$00000021  c_w.l(libinit2.o)
    0x0800024e   0x0800024e   0x00000000   Code   RO          183    .ARM.Collect$$libinit$$00000023  c_w.l(libinit2.o)
    0x0800024e   0x0800024e   0x00000000   Code   RO          185    .ARM.Collect$$libinit$$00000025  c_w.l(libinit2.o)
    0x0800024e   0x0800024e   0x00000000   Code   RO          187    .ARM.Collect$$libinit$$00000027  c_w.l(libinit2.o)
    0x0800024e   0x0800024e   0x00000000   Code   RO          191    .ARM.Collect$$libinit$$0000002E  c_w.l(libinit2.o)
    0x0800024e   0x0800024e   0x00000000   Code   RO          193    .ARM.Collect$$libinit$$00000030  c_w.l(libinit2.o)
    0x0800024e   0x0800024e   0x00000000   Code   RO          195    .ARM.Collect$$libinit$$00000032  c_w.l(libinit2.o)
    0x0800024e   0x0800024e   0x00000000   Code   RO          197    .ARM.Collect$$libinit$$00000034  c_w.l(libinit2.o)
    0x0800024e   0x0800024e   0x00000002   Code   RO          198    .ARM.Collect$$libinit$$00000035  c_w.l(libinit2.o)
    0x08000250   0x08000250   0x00000002   Code   RO          220    .ARM.Collect$$libshutdown$$00000000  c_w.l(libshutdown.o)
    0x08000252   0x08000252   0x00000000   Code   RO          235    .ARM.Collect$$libshutdown$$00000002  c_w.l(libshutdown2.o)
    0x08000252   0x08000252   0x00000000   Code   RO          237    .ARM.Collect$$libshutdown$$00000004  c_w.l(libshutdown2.o)
    0x08000252   0x08000252   0x00000000   Code   RO          240    .ARM.Collect$$libshutdown$$00000007  c_w.l(libshutdown2.o)
    0x08000252   0x08000252   0x00000000   Code   RO          243    .ARM.Collect$$libshutdown$$0000000A  c_w.l(libshutdown2.o)
    0x08000252   0x08000252   0x00000000   Code   RO          245    .ARM.Collect$$libshutdown$$0000000C  c_w.l(libshutdown2.o)
    0x08000252   0x08000252   0x00000000   Code   RO          248    .ARM.Collect$$libshutdown$$0000000F  c_w.l(libshutdown2.o)
    0x08000252   0x08000252   0x00000002   Code   RO          249    .ARM.Collect$$libshutdown$$00000010  c_w.l(libshutdown2.o)
    0x08000254   0x08000254   0x00000000   Code   RO          121    .ARM.Collect$$rtentry$$00000000  c_w.l(__rtentry.o)
    0x08000254   0x08000254   0x00000000   Code   RO          123    .ARM.Collect$$rtentry$$00000002  c_w.l(__rtentry2.o)
    0x08000254   0x08000254   0x00000006   Code   RO          135    .ARM.Collect$$rtentry$$00000004  c_w.l(__rtentry4.o)
    0x0800025a   0x0800025a   0x00000000   Code   RO          125    .ARM.Collect$$rtentry$$00000009  c_w.l(__rtentry2.o)
    0x0800025a   0x0800025a   0x00000004   Code   RO          126    .ARM.Collect$$rtentry$$0000000A  c_w.l(__rtentry2.o)
    0x0800025e   0x0800025e   0x00000000   Code   RO          128    .ARM.Collect$$rtentry$$0000000C  c_w.l(__rtentry2.o)
    0x0800025e   0x0800025e   0x00000008   Code   RO          129    .ARM.Collect$$rtentry$$0000000D  c_w.l(__rtentry2.o)
    0x08000266   0x08000266   0x00000002   Code   RO          150    .ARM.Collect$$rtexit$$00000000  c_w.l(rtexit.o)
    0x08000268   0x08000268   0x00000000   Code   RO          200    .ARM.Collect$$rtexit$$00000002  c_w.l(rtexit2.o)
    0x08000268   0x08000268   0x00000004   Code   RO          201    .ARM.Collect$$rtexit$$00000003  c_w.l(rtexit2.o)
    0x0800026c   0x0800026c   0x00000006   Code   RO          202    .ARM.Collect$$rtexit$$00000004  c_w.l(rtexit2.o)
    0x08000272   0x08000272   0x00000002   PAD
    0x08000274   0x08000274   0x00000040   Code   RO           95  * .text               startup_stm32f446xx.o
    0x080002b4   0x080002b4   0x00000006   Code   RO          117    .text               c_w.l(heapauxi.o)
    0x080002ba   0x080002ba   0x0000004a   Code   RO          137    .text               c_w.l(sys_stackheap_outer.o)
    0x08000304   0x08000304   0x00000012   Code   RO          139    .text               c_w.l(exit.o)
    0x08000316   0x08000316   0x00000002   PAD
    0x08000318   0x08000318   0x00000008   Code   RO          147    .text               c_w.l(libspace.o)
    0x08000320   0x08000320   0x0000000c   Code   RO          210    .text               c_w.l(sys_exit.o)
    0x0800032c   0x0800032c   0x00000002   Code   RO          225    .text               c_w.l(use_no_semi.o)
    0x0800032e   0x0800032e   0x00000000   Code   RO          227    .text               c_w.l(indicate_semi.o)
    0x0800032e   0x0800032e   0x00000002   PAD
    0x08000330   0x08000330   0x00000012   Code   RO          102    .text.SystemInit    system_stm32f4xx.o
    0x08000342   0x08000342   0x00000002   PAD
    0x08000344   0x08000344   0x000000a0   Code   RO           52    .text.check_pin_blocking  main.o
    0x080003e4   0x080003e4   0x00000062   Code   RO           77    .text.col_drive     keypad.o
    0x08000446   0x08000446   0x00000002   PAD
    0x08000448   0x08000448   0x00000026   Code   RO           73    .text.cols_release  keypad.o
    0x0800046e   0x0800046e   0x00000002   PAD
    0x08000470   0x08000470   0x000000a0   Code   RO            6    .text.config_spi1_pins  main.o
    0x08000510   0x08000510   0x0000008c   Code   RO           81    .text.confirm_row   keypad.o
    0x0800059c   0x0800059c   0x0000000e   Code   RO           14    .text.cs_high       main.o
    0x080005aa   0x080005aa   0x00000002   PAD
    0x080005ac   0x080005ac   0x00000010   Code   RO           28    .text.cs_low        main.o
    0x080005bc   0x080005bc   0x00000032   Code   RO            2    .text.delay_ms      main.o
    0x080005ee   0x080005ee   0x00000002   PAD
    0x080005f0   0x080005f0   0x00000022   Code   RO            4    .text.enable_gpio_spi1_clocks  main.o
    0x08000612   0x08000612   0x00000002   PAD
    0x08000614   0x08000614   0x00000062   Code   RO           10    .text.gpio_af       main.o
    0x08000676   0x08000676   0x00000002   PAD
    0x08000678   0x08000678   0x00000044   Code   RO           12    .text.gpio_highspeed  main.o
    0x080006bc   0x080006bc   0x00000036   Code   RO            8    .text.gpio_mode     main.o
    0x080006f2   0x080006f2   0x00000002   PAD
    0x080006f4   0x080006f4   0x00000228   Code   RO           71    .text.keypad_init   keypad.o
    0x0800091c   0x0800091c   0x00000088   Code   RO           83    .text.keypad_read_code  keypad.o
    0x080009a4   0x080009a4   0x000000ae   Code   RO           75    .text.keypad_scan   keypad.o
    0x08000a52   0x08000a52   0x00000002   PAD
    0x08000a54   0x08000a54   0x000000fe   Code   RO           38    .text.leds_init     main.o
    0x08000b52   0x08000b52   0x00000002   PAD
    0x08000b54   0x08000b54   0x00000234   Code   RO           40    .text.main          main.o
    0x08000d88   0x08000d88   0x00000024   Code   RO           34    .text.mfrc522_antenna_on  main.o
    0x08000dac   0x08000dac   0x000000ac   Code   RO           56    .text.mfrc522_crc   main.o
    0x08000e58   0x08000e58   0x0000001e   Code   RO           22    .text.mfrc522_hw_reset  main.o
    0x08000e76   0x08000e76   0x00000002   PAD
    0x08000e78   0x08000e78   0x00000048   Code   RO           36    .text.mfrc522_init_14443a  main.o
    0x08000ec0   0x08000ec0   0x00000030   Code   RO           26    .text.mfrc522_read  main.o
    0x08000ef0   0x08000ef0   0x00000012   Code   RO           32    .text.mfrc522_soft_reset  main.o
    0x08000f02   0x08000f02   0x00000002   PAD
    0x08000f04   0x08000f04   0x00000176   Code   RO           54    .text.mfrc522_transceive  main.o
    0x0800107a   0x0800107a   0x00000002   PAD
    0x0800107c   0x0800107c   0x0000002e   Code   RO           30    .text.mfrc522_write  main.o
    0x080010aa   0x080010aa   0x00000002   PAD
    0x080010ac   0x080010ac   0x000000b4   Code   RO           44    .text.picc_anticoll_cl1  main.o
    0x08001160   0x08001160   0x00000074   Code   RO           42    .text.picc_request_a  main.o
    0x080011d4   0x080011d4   0x000000ca   Code   RO           48    .text.picc_select_cl1  main.o
    0x0800129e   0x0800129e   0x00000002   PAD
    0x080012a0   0x080012a0   0x0000007a   Code   RO           79    .text.read_row      keypad.o
    0x0800131a   0x0800131a   0x00000002   PAD
    0x0800131c   0x0800131c   0x0000000e   Code   RO           16    .text.rst_high      main.o
    0x0800132a   0x0800132a   0x00000002   PAD
    0x0800132c   0x0800132c   0x00000010   Code   RO           24    .text.rst_low       main.o
    0x0800133c   0x0800133c   0x00000032   Code   RO           18    .text.spi1_init_mode0  main.o
    0x0800136e   0x0800136e   0x00000002   PAD
    0x08001370   0x08001370   0x0000004c   Code   RO           20    .text.spi1_txrx     main.o
    0x080013bc   0x080013bc   0x0000005a   Code   RO           50    .text.uid_equal     main.o
    0x08001416   0x08001416   0x00000002   PAD
    0x08001418   0x08001418   0x0000006c   Code   RO           46    .text.uid_to_hex    main.o
    0x08001484   0x08001484   0x0000001a   Code   RO          208    x$fpl$fpinit        fz_wm.l(fpinit.o)
    0x0800149e   0x0800149e   0x00000004   Data   RO           59    .rodata.AUTH_UID    main.o
    0x080014a2   0x080014a2   0x00000004   Data   RO           62    .rodata.EXPECTED_PIN  main.o
    0x080014a6   0x080014a6   0x00000010   Data   RO           85    .rodata.kp_map      keypad.o
    0x080014b6   0x080014b6   0x00000011   Data   RO           61    .rodata.str1.1      main.o
    0x080014c7   0x080014c7   0x00000001   PAD
    0x080014c8   0x080014c8   0x00000010   Data   RO          283    Region$$Table       anon$$obj.o


    Execution Region ER_RW (Exec base: 0x20000000, Load base: 0x080014d8, Size: 0x00000000, Max: 0xffffffff, ABSOLUTE)

    **** No section assigned to this execution region ****


    Execution Region ER_ZI (Exec base: 0x20000000, Load base: 0x080014d8, Size: 0x00000670, Max: 0xffffffff, ABSOLUTE)

    Exec Addr    Load Addr    Size         Type   Attr      Idx    E Section Name        Object

    0x20000000        -       0x00000060   Zero   RW          148    .bss                c_w.l(libspace.o)
    0x20000060        -       0x0000000c   Zero   RW           58    .bss.main.uid_str   main.o
    0x2000006c   0x080014d8   0x00000004   PAD
    0x20000070        -       0x00000200   Zero   RW           93    HEAP                startup_stm32f446xx.o
    0x20000270        -       0x00000400   Zero   RW           92    STACK               startup_stm32f446xx.o


==============================================================================

Image component sizes


      Code (inc. data)   RO Data    RW Data    ZI Data      Debug   Object Name

      1260          4         16          0          0       3603   keypad.o
      3120          0         25          0         12       8037   main.o
        64         26        452          0       1536        876   startup_stm32f446xx.o
        18          0          0          0          0       2834   system_stm32f4xx.o

    ----------------------------------------------------------------------
      4500         30        510          0       1552      15350   Object Totals
         0          0         16          0          0          0   (incl. Generated)
        38          0          1          0          4          0   (incl. Padding)

    ----------------------------------------------------------------------

      Code (inc. data)   RO Data    RW Data    ZI Data      Debug   Library Member Name

         8          0          0          0          0         68   __main.o
         0          0          0          0          0          0   __rtentry.o
        12          0          0          0          0          0   __rtentry2.o
         6          0          0          0          0          0   __rtentry4.o
        94          8          0          0          0          0   __scatter.o
        28          0          0          0          0          0   __scatter_zi.o
        18          0          0          0          0         80   exit.o
         6          0          0          0          0        152   heapauxi.o
         0          0          0          0          0          0   indicate_semi.o
         2          0          0          0          0          0   libinit.o
         6          0          0          0          0          0   libinit2.o
         2          0          0          0          0          0   libshutdown.o
         2          0          0          0          0          0   libshutdown2.o
         8          4          0          0         96         68   libspace.o
         2          0          0          0          0          0   rtexit.o
        10          0          0          0          0          0   rtexit2.o
        12          4          0          0          0         68   sys_exit.o
        74          0          0          0          0         80   sys_stackheap_outer.o
         2          0          0          0          0         68   use_no_semi.o
        26          0          0          0          0        116   fpinit.o

    ----------------------------------------------------------------------
       326         16          0          0         96        700   Library Totals
         8          0          0          0          0          0   (incl. Padding)

    ----------------------------------------------------------------------

      Code (inc. data)   RO Data    RW Data    ZI Data      Debug   Library Name

       292         16          0          0         96        584   c_w.l
        26          0          0          0          0        116   fz_wm.l

    ----------------------------------------------------------------------
       326         16          0          0         96        700   Library Totals

    ----------------------------------------------------------------------

==============================================================================


      Code (inc. data)   RO Data    RW Data    ZI Data      Debug   

      4826         46        510          0       1648      15854   Grand Totals
      4826         46        510          0       1648      15854   ELF Image Totals
      4826         46        510          0          0          0   ROM Totals

==============================================================================

    Total RO  Size (Code + RO Data)                 5336 (   5.21kB)
    Total RW  Size (RW Data + ZI Data)              1648 (   1.61kB)
    Total ROM Size (Code + RO Data + RW Data)       5336 (   5.21kB)

==============================================================================

