Component: Arm Compiler for Embedded 6.24 Tool: armlink [5f371500]

==============================================================================

Section Cross References

    keypad.o(.text.keypad_init) refers to keypad.o(.text.cols_release) for cols_release
    keypad.o(.ARM.exidx.text.keypad_init) refers to keypad.o(.text.keypad_init) for [Anonymous Symbol]
    keypad.o(.ARM.exidx.text.cols_release) refers to keypad.o(.text.cols_release) for [Anonymous Symbol]
    keypad.o(.text.keypad_scan) refers to keypad.o(.text.col_drive) for col_drive
    keypad.o(.text.keypad_scan) refers to main.o(.text.delay_ms) for delay_ms
    keypad.o(.text.keypad_scan) refers to keypad.o(.text.read_row) for read_row
    keypad.o(.text.keypad_scan) refers to keypad.o(.text.confirm_row) for confirm_row
    keypad.o(.text.keypad_scan) refers to keypad.o(.text.cols_release) for cols_release
    keypad.o(.text.keypad_scan) refers to keypad.o(.rodata.kp_map) for kp_map
    keypad.o(.ARM.exidx.text.keypad_scan) refers to keypad.o(.text.keypad_scan) for [Anonymous Symbol]
    keypad.o(.text.col_drive) refers to keypad.o(.text.cols_release) for cols_release
    keypad.o(.ARM.exidx.text.col_drive) refers to keypad.o(.text.col_drive) for [Anonymous Symbol]
    keypad.o(.ARM.exidx.text.read_row) refers to keypad.o(.text.read_row) for [Anonymous Symbol]
    keypad.o(.text.confirm_row) refers to keypad.o(.text.col_drive) for col_drive
    keypad.o(.text.confirm_row) refers to main.o(.text.delay_ms) for delay_ms
    keypad.o(.text.confirm_row) refers to keypad.o(.text.read_row) for read_row
    keypad.o(.ARM.exidx.text.confirm_row) refers to keypad.o(.text.confirm_row) for [Anonymous Symbol]
    keypad.o(.text.keypad_read_code) refers to keypad.o(.text.keypad_scan) for keypad_scan
    keypad.o(.text.keypad_read_code) refers to main.o(.text.delay_ms) for delay_ms
    keypad.o(.ARM.exidx.text.keypad_read_code) refers to keypad.o(.text.keypad_read_code) for [Anonymous Symbol]
    main.o(.ARM.exidx.text.delay_ms) refers to main.o(.text.delay_ms) for [Anonymous Symbol]
    main.o(.ARM.exidx.text.enable_gpio_spi1_clocks) refers to main.o(.text.enable_gpio_spi1_clocks) for [Anonymous Symbol]
    main.o(.text.config_spi1_pins) refers to main.o(.text.gpio_mode) for gpio_mode
    main.o(.text.config_spi1_pins) refers to main.o(.text.gpio_af) for gpio_af
    main.o(.text.config_spi1_pins) refers to main.o(.text.gpio_highspeed) for gpio_highspeed
    main.o(.text.config_spi1_pins) refers to main.o(.text.cs_high) for cs_high
    main.o(.text.config_spi1_pins) refers to main.o(.text.rst_high) for rst_high
    main.o(.ARM.exidx.text.config_spi1_pins) refers to main.o(.text.config_spi1_pins) for [Anonymous Symbol]
    main.o(.ARM.exidx.text.gpio_mode) refers to main.o(.text.gpio_mode) for [Anonymous Symbol]
    main.o(.ARM.exidx.text.gpio_af) refers to main.o(.text.gpio_af) for [Anonymous Symbol]
    main.o(.ARM.exidx.text.gpio_highspeed) refers to main.o(.text.gpio_highspeed) for [Anonymous Symbol]
    main.o(.ARM.exidx.text.cs_high) refers to main.o(.text.cs_high) for [Anonymous Symbol]
    main.o(.ARM.exidx.text.rst_high) refers to main.o(.text.rst_high) for [Anonymous Symbol]
    main.o(.ARM.exidx.text.spi1_init_mode0) refers to main.o(.text.spi1_init_mode0) for [Anonymous Symbol]
    main.o(.ARM.exidx.text.spi1_txrx) refers to main.o(.text.spi1_txrx) for [Anonymous Symbol]
    main.o(.text.mfrc522_hw_reset) refers to main.o(.text.rst_low) for rst_low
    main.o(.text.mfrc522_hw_reset) refers to main.o(.text.delay_ms) for delay_ms
    main.o(.text.mfrc522_hw_reset) refers to main.o(.text.rst_high) for rst_high
    main.o(.ARM.exidx.text.mfrc522_hw_reset) refers to main.o(.text.mfrc522_hw_reset) for [Anonymous Symbol]
    main.o(.ARM.exidx.text.rst_low) refers to main.o(.text.rst_low) for [Anonymous Symbol]
    main.o(.text.mfrc522_read) refers to main.o(.text.cs_low) for cs_low
    main.o(.text.mfrc522_read) refers to main.o(.text.spi1_txrx) for spi1_txrx
    main.o(.text.mfrc522_read) refers to main.o(.text.cs_high) for cs_high
    main.o(.ARM.exidx.text.mfrc522_read) refers to main.o(.text.mfrc522_read) for [Anonymous Symbol]
    main.o(.ARM.exidx.text.cs_low) refers to main.o(.text.cs_low) for [Anonymous Symbol]
    main.o(.text.mfrc522_write) refers to main.o(.text.cs_low) for cs_low
    main.o(.text.mfrc522_write) refers to main.o(.text.spi1_txrx) for spi1_txrx
    main.o(.text.mfrc522_write) refers to main.o(.text.cs_high) for cs_high
    main.o(.ARM.exidx.text.mfrc522_write) refers to main.o(.text.mfrc522_write) for [Anonymous Symbol]
    main.o(.text.mfrc522_soft_reset) refers to main.o(.text.mfrc522_write) for mfrc522_write
    main.o(.text.mfrc522_soft_reset) refers to main.o(.text.delay_ms) for delay_ms
    main.o(.ARM.exidx.text.mfrc522_soft_reset) refers to main.o(.text.mfrc522_soft_reset) for [Anonymous Symbol]
[...]
    CL$$btod_ediv                            0x08004850   Section       42  btod.o(CL$$btod_ediv)
    CL$$btod_edivd                           0x0800487a   Section       42  btod.o(CL$$btod_edivd)
    CL$$btod_emul                            0x080048a4   Section       42  btod.o(CL$$btod_emul)
    CL$$btod_emuld                           0x080048ce   Section       42  btod.o(CL$$btod_emuld)
    CL$$btod_mult_common                     0x080048f8   Section      580  btod.o(CL$$btod_mult_common)
    i.__ARM_fpclassify                       0x08004b3c   Section        0  fpclassify.o(i.__ARM_fpclassify)
    i.__hardfp___mathlib_tofloat             0x08004b70   Section        0  narrow.o(i.__hardfp___mathlib_tofloat)
    i.__hardfp_ldexp                         0x08004c68   Section        0  ldexp.o(i.__hardfp_ldexp)
    i.__mathlib_dbl_overflow                 0x08004d38   Section        0  dunder.o(i.__mathlib_dbl_overflow)
    i.__mathlib_dbl_underflow                0x08004d58   Section        0  dunder.o(i.__mathlib_dbl_underflow)
    i.__mathlib_narrow                       0x08004d78   Section        0  narrow.o(i.__mathlib_narrow)
    i.__support_ldexp                        0x08004d8a   Section        0  ldexp.o(i.__support_ldexp)
    i._is_digit                              0x08004d9e   Section        0  __printf_wp.o(i._is_digit)
    i.frexp                                  0x08004db0   Section        0  frexp.o(i.frexp)
    locale$$code                             0x08004e3c   Section       44  lc_numeric_c.o(locale$$code)
    locale$$code                             0x08004e68   Section       44  lc_ctype_c.o(locale$$code)
    $v0                                      0x08004e94   Number         0  d2f.o(x$fpl$d2f)
    x$fpl$d2f                                0x08004e94   Section       98  d2f.o(x$fpl$d2f)
    $v0                                      0x08004ef8   Number         0  dcheck1.o(x$fpl$dcheck1)
    x$fpl$dcheck1                            0x08004ef8   Section       16  dcheck1.o(x$fpl$dcheck1)
    $v0                                      0x08004f08   Number         0  dcmpi.o(x$fpl$dcmpinf)
    x$fpl$dcmpinf                            0x08004f08   Section       24  dcmpi.o(x$fpl$dcmpinf)
    $v0                                      0x08004f20   Number         0  deqf.o(x$fpl$deqf)
    x$fpl$deqf                               0x08004f20   Section      120  deqf.o(x$fpl$deqf)
    $v0                                      0x08004f98   Number         0  dleqf.o(x$fpl$dleqf)
    x$fpl$dleqf                              0x08004f98   Section      120  dleqf.o(x$fpl$dleqf)
    $v0                                      0x08005010   Number         0  dmul.o(x$fpl$dmul)
    x$fpl$dmul                               0x08005010   Section      340  dmul.o(x$fpl$dmul)
    $v0                                      0x08005164   Number         0  dnaninf.o(x$fpl$dnaninf)
    x$fpl$dnaninf                            0x08005164   Section      156  dnaninf.o(x$fpl$dnaninf)
    $v0                                      0x08005200   Number         0  dretinf.o(x$fpl$dretinf)
    x$fpl$dretinf                            0x08005200   Section       12  dretinf.o(x$fpl$dretinf)
    $v0                                      0x0800520c   Number         0  drleqf.o(x$fpl$drleqf)
    x$fpl$drleqf                             0x0800520c   Section      108  drleqf.o(x$fpl$drleqf)
    $v0                                      0x08005278   Number         0  fpinit.o(x$fpl$fpinit)
    x$fpl$fpinit                             0x08005278   Section       26  fpinit.o(x$fpl$fpinit)
    $v0                                      0x08005292   Number         0  fretinf.o(x$fpl$fretinf)
    x$fpl$fretinf                            0x08005292   Section       10  fretinf.o(x$fpl$fretinf)
    $v0                                      0x0800529c   Number         0  istatus.o(x$fpl$ieeestatus)
    x$fpl$ieeestatus                         0x0800529c   Section        6  istatus.o(x$fpl$ieeestatus)
    $v0                                      0x080052a2   Number         0  printf1.o(x$fpl$printf1)
    x$fpl$printf1                            0x080052a2   Section        4  printf1.o(x$fpl$printf1)
    $v0                                      0x080052a6   Number         0  printf2.o(x$fpl$printf2)
    x$fpl$printf2                            0x080052a6   Section        4  printf2.o(x$fpl$printf2)
    $v0                                      0x080052aa   Number         0  retnan.o(x$fpl$retnan)
    x$fpl$retnan                             0x080052aa   Section      100  retnan.o(x$fpl$retnan)
    $v0                                      0x0800530e   Number         0  scalbn.o(x$fpl$scalbn)
    x$fpl$scalbn                             0x0800530e   Section       92  scalbn.o(x$fpl$scalbn)
    $v0                                      0x0800536a   Number         0  scanf1.o(x$fpl$scanf1)
    x$fpl$scanf1                             0x0800536a   Section        4  scanf1.o(x$fpl$scanf1)
    $v0                                      0x0800536e   Number         0  scanf2.o(x$fpl$scanf2)
    x$fpl$scanf2                             0x0800536e   Section        8  scanf2.o(x$fpl$scanf2)
    $v0                                      0x08005376   Number         0  trapv.o(x$fpl$trapveneer)
    x$fpl$trapveneer                         0x08005376   Section       48  trapv.o(x$fpl$trapveneer)
    x$fpl$usenofp                            0x080053a6   Section        0  usenofp.o(x$fpl$usenofp)
    initial_mbstate                          0x080053a8   Data           8  _printf_wctomb.o(.constdata)
    .constdata                               0x080053a8   Section        8  _printf_wctomb.o(.constdata)
    uc_hextab                                0x080053b0   Data          20  _printf_hex_int_ll_ptr.o(.constdata)
    .constdata                               0x080053b0   Section       40  _printf_hex_int_ll_ptr.o(.constdata)
    lc_hextab                                0x080053c4   Data          20  _printf_hex_int_ll_ptr.o(.constdata)
    maptable                                 0x080053d8   Data          17  __printf_flags_ss_wp.o(.constdata)
    .constdata                               0x080053d8   Section       17  __printf_flags_ss_wp.o(.constdata)
    lc_hextab                                0x080053e9   Data          19  _printf_fp_hex.o(.constdata)
    .constdata                               0x080053e9   Section       38  _printf_fp_hex.o(.constdata)
    uc_hextab                                0x080053fc   Data          19  _printf_fp_hex.o(.constdata)
    tenpwrs_x                                0x08005410   Data          60  bigflt0.o(.constdata)
    .constdata                               0x08005410   Section      148  bigflt0.o(.constdata)
    tenpwrs_i                                0x0800544c   Data          64  bigflt0.o(.constdata)
    AUTH_UID                                 0x080054a4   Data           4  main.o(.rodata.AUTH_UID)
    [Anonymous Symbol]                       0x080054a4   Section        0  main.o(.rodata.AUTH_UID)
    EXPECTED_PIN                             0x080054a8   Data           4  main.o(.rodata.EXPECTED_PIN)
    [Anonymous Symbol]                       0x080054a8   Section        0  main.o(.rodata.EXPECTED_PIN)
    kp_map                                   0x080054ac   Data          16  keypad.o(.rodata.kp_map)
    [Anonymous Symbol]                       0x080054ac   Section        0  keypad.o(.rodata.kp_map)
    .L.str.3                                 0x080054bc   Data          12  main.o(.rodata.str1.1)
    [Anonymous Symbol]                       0x080054bc   Section        0  main.o(.rodata.str1.1)
    .L.str.4                                 0x080054c8   Data          52  main.o(.rodata.str1.1)
    .L.str                                   0x080054fc   Data          17  main.o(.rodata.str1.1)
    .L.str                                   0x0800550b   Data           2  main.o(.rodata.str1.1)
    .L.str.1                                 0x0800550d   Data          24  main.o(.rodata.str1.1)
    .L.str.12                                0x08005525   Data          16  main.o(.rodata.str1.1)
    .L.str.10                                0x08005535   Data          27  main.o(.rodata.str1.1)
    .L.str.6                                 0x08005550   Data          26  main.o(.rodata.str1.1)
    .L.str.8                                 0x0800556a   Data          26  main.o(.rodata.str1.1)
    .L.str.11                                0x08005584   Data           9  main.o(.rodata.str1.1)
    .L.str.14                                0x0800558d   Data          17  main.o(.rodata.str1.1)
    .L.str.2                                 0x0800559e   Data           9  main.o(.rodata.str1.1)
    .L.str.5                                 0x080055a7   Data          11  main.o(.rodata.str1.1)
    .L.str.7                                 0x080055b2   Data          15  main.o(.rodata.str1.1)
    .L.str.9                                 0x080055c1   Data          14  main.o(.rodata.str1.1)
    .L.str.13                                0x080055cf   Data          19  main.o(.rodata.str1.1)
    c$$dinf                                  0x080055f4   Section        8  fpconst.o(c$$dinf)
    c$$dmax                                  0x080055fc   Section        8  fpconst.o(c$$dmax)
    locale$$data                             0x08005604   Section       28  lc_numeric_c.o(locale$$data)
    __lcnum_c_name                           0x08005608   Data           2  lc_numeric_c.o(locale$$data)
    __lcnum_c_start                          0x08005610   Data           0  lc_numeric_c.o(locale$$data)
    __lcnum_c_point                          0x0800561c   Data           0  lc_numeric_c.o(locale$$data)
    __lcnum_c_thousands                      0x0800561e   Data           0  lc_numeric_c.o(locale$$data)
    __lcnum_c_grouping                       0x0800561f   Data           0  lc_numeric_c.o(locale$$data)
    __lcnum_c_end                            0x08005620   Data           0  lc_numeric_c.o(locale$$data)
    locale$$data                             0x08005620   Section      272  lc_ctype_c.o(locale$$data)
    __lcctype_c_name                         0x08005624   Data           2  lc_ctype_c.o(locale$$data)
    __lcctype_c_start                        0x0800562c   Data           0  lc_ctype_c.o(locale$$data)
    __lcctype_c_end                          0x08005730   Data           0  lc_ctype_c.o(locale$$data)
    .bss                                     0x20000000   Section       96  libspace.o(.bss)
    main.uid_str                             0x20000060   Data          12  main.o(.bss.main.uid_str)
    [Anonymous Symbol]                       0x20000060   Section        0  main.o(.bss.main.uid_str)
    Heap_Mem                                 0x20000070   Data         512  startup_stm32f446xx.o(HEAP)
    HEAP                                     0x20000070   Section      512  startup_stm32f446xx.o(HEAP)
    Stack_Mem                                0x20000270   Data        1024  startup_stm32f446xx.o(STACK)
    STACK                                    0x20000270   Section     1024  startup_stm32f446xx.o(STACK)
    __initial_sp                             0x20000670   Data           0  startup_stm32f446xx.o(STACK)

    Global Symbols

    Symbol Name                              Value     Ov Type        Size  Object(Section)

    BuildAttributes$$THM_ISAv4$E$P$D$K$B$S$7EM$VFPi3$EXTD16$VFPS$VFMA$PE$A:L22UL41UL21$X:L11$S22US41US21$IEEE1$IW$~IW$USESV6$~STKCKD$USESV7$~SHL$OTIME$ROPI$IEEEX$EBA8$UX$STANDARDLIB$REQ8$PRES8$EABIv2 0x00000000   Number         0  anon$$obj.o ABSOLUTE
    _printf_flags                            0x00000000   Number         0  printf_stubs.o ABSOLUTE
    _printf_return_value                     0x00000000   Number         0  printf_stubs.o ABSOLUTE
    _printf_sizespec                         0x00000000   Number         0  printf_stubs.o ABSOLUTE
    _printf_widthprec                        0x00000000   Number         0  printf_stubs.o ABSOLUTE
    __ARM_exceptions_init                     - Undefined Weak Reference
    __alloca_initialize                       - Undefined Weak Reference
    __arm_preinit_                            - Undefined Weak Reference
    __arm_relocate_pie_                       - Undefined Weak Reference
    __cpp_initialize__aeabi_                  - Undefined Weak Reference
    __cxa_finalize                            - Undefined Weak Reference
    __sigvec_lookup                           - Undefined Weak Reference
    _atexit_init                              - Undefined Weak Reference
    _call_atexit_fns                          - Undefined Weak Reference
    _clock_init                               - Undefined Weak Reference
    _fp_trap_init                             - Undefined Weak Reference
    _fp_trap_shutdown                         - Undefined Weak Reference
    _get_lc_collate                           - Undefined Weak Reference
    _get_lc_monetary                          - Undefined Weak Reference
    _get_lc_time                              - Undefined Weak Reference
    _getenv_init                              - Undefined Weak Reference
    _handle_redirection                       - Undefined Weak Reference
    _init_alloc                               - Undefined Weak Reference
    _init_user_alloc                          - Undefined Weak Reference
    _initio                                   - Undefined Weak Reference
    _printf_mbtowc                            - Undefined Weak Reference
    _printf_wc                                - Undefined Weak Reference
    _rand_init                                - Undefined Weak Reference
    _signal_finish                            - Undefined Weak Reference
    _signal_init                              - Undefined Weak Reference
    _terminate_alloc                          - Undefined Weak Reference
    _terminate_user_alloc                     - Undefined Weak Reference
    _terminateio                              - Undefined Weak Reference
    __Vectors_Size                           0x000001c4   Number         0  startup_stm32f446xx.o ABSOLUTE
    __Vectors                                0x08000000   Data           4  startup_stm32f446xx.o(RESET)
    __Vectors_End                            0x080001c4   Data           0  startup_stm32f446xx.o(RESET)
    __main                                   0x080001c5   Thumb Code     8  __main.o(!!!main)
    __scatterload                            0x080001cd   Thumb Code     0  __scatter.o(!!!scatter)
    __scatterload_rt2                        0x080001cd   Thumb Code    84  __scatter.o(!!!scatter)
    __scatterload_rt2_thumb_only             0x080001cd   Thumb Code     0  __scatter.o(!!!scatter)
    __scatterload_loop                       0x080001d7   Thumb Code     0  __scatter.o(!!!scatter)
    __scatterload_null                       0x08000229   Thumb Code     2  __scatter.o(!!handler_null)
    __scatterload_zeroinit                   0x0800022d   Thumb Code    28  __scatter_zi.o(!!handler_zi)
    _printf_n                                0x08000249   Thumb Code     0  _printf_n.o(.ARM.Collect$$_printf_percent$$00000001)
    _printf_percent                          0x08000249   Thumb Code     0  _printf_percent.o(.ARM.Collect$$_printf_percent$$00000000)
    _printf_p                                0x0800024f   Thumb Code     0  _printf_p.o(.ARM.Collect$$_printf_percent$$00000002)
    _printf_f                                0x08000255   Thumb Code     0  _printf_f.o(.ARM.Collect$$_printf_percent$$00000003)
    _printf_e                                0x0800025b   Thumb Code     0  _printf_e.o(.ARM.Collect$$_printf_percent$$00000004)
    _printf_g                                0x08000261   Thumb Code     0  _printf_g.o(.ARM.Collect$$_printf_percent$$00000005)
    _printf_a                                0x08000267   Thumb Code     0  _printf_a.o(.ARM.Collect$$_printf_percent$$00000006)
    _printf_ll                               0x0800026d   Thumb Code     0  _printf_ll.o(.ARM.Collect$$_printf_percent$$00000007)
    _printf_i                                0x08000277   Thumb Code     0  _printf_i.o(.ARM.Collect$$_printf_percent$$00000008)
    _printf_d                                0x0800027d   Thumb Code     0  _printf_d.o(.ARM.Collect$$_printf_percent$$00000009)
    _printf_u                                0x08000283   Thumb Code     0  _printf_u.o(.ARM.Collect$$_printf_percent$$0000000A)
    _printf_o                                0x08000289   Thumb Code     0  _printf_o.o(.ARM.Collect$$_printf_percent$$0000000B)
    _printf_x                                0x0800028f   Thumb Code     0  _printf_x.o(.ARM.Collect$$_printf_percent$$0000000C)
    _printf_lli                              0x08000295   Thumb Code     0  _printf_lli.o(.ARM.Collect$$_printf_percent$$0000000D)
    _printf_lld                              0x0800029b   Thumb Code     0  _printf_lld.o(.ARM.Collect$$_printf_percent$$0000000E)
    _printf_llu                              0x080002a1   Thumb Code     0  _printf_llu.o(.ARM.Collect$$_printf_percent$$0000000F)
    _printf_llo                              0x080002a7   Thumb Code     0  _printf_llo.o(.ARM.Collect$$_printf_percent$$00000010)
    _printf_llx                              0x080002ad   Thumb Code     0  _printf_llx.o(.ARM.Collect$$_printf_percent$$00000011)
    _printf_l                                0x080002b3   Thumb Code     0  _printf_l.o(.ARM.Collect$$_printf_percent$$00000012)
    _printf_c                                0x080002bd   Thumb Code     0  _printf_c.o(.ARM.Collect$$_printf_percent$$00000013)
    _printf_s                                0x080002c3   Thumb Code     0  _printf_s.o(.ARM.Collect$$_printf_percent$$00000014)
    _printf_lc                               0x080002c9   Thumb Code     0  _printf_lc.o(.ARM.Collect$$_printf_percent$$00000015)
    _printf_ls                               0x080002cf   Thumb Code     0  _printf_ls.o(.ARM.Collect$$_printf_percent$$00000016)
    _printf_percent_end                      0x080002d5   Thumb Code     0  _printf_percent_end.o(.ARM.Collect$$_printf_percent$$00000017)
    __rt_lib_init                            0x080002d9   Thumb Code     0  libinit.o(.ARM.Collect$$libinit$$00000000)
    __rt_lib_init_fp_1                       0x080002db   Thumb Code     0  libinit2.o(.ARM.Collect$$libinit$$00000001)
    __rt_lib_init_heap_1                     0x080002df   Thumb Code     0  libinit2.o(.ARM.Collect$$libinit$$0000000C)
    __rt_lib_init_lc_common                  0x080002df   Thumb Code     0  libinit2.o(.ARM.Collect$$libinit$$00000011)
    __rt_lib_init_preinit_1                  0x080002df   Thumb Code     0  libinit2.o(.ARM.Collect$$libinit$$00000006)
    __rt_lib_init_rand_1                     0x080002df   Thumb Code     0  libinit2.o(.ARM.Collect$$libinit$$00000010)
    __rt_lib_init_relocate_pie_1             0x080002df   Thumb Code     0  libinit2.o(.ARM.Collect$$libinit$$00000004)
    __rt_lib_init_user_alloc_1               0x080002df   Thumb Code     0  libinit2.o(.ARM.Collect$$libinit$$0000000E)
    __rt_lib_init_lc_collate_1               0x080002e5   Thumb Code     0  libinit2.o(.ARM.Collect$$libinit$$00000013)
    __rt_lib_init_lc_ctype_2                 0x080002e5   Thumb Code     0  libinit2.o(.ARM.Collect$$libinit$$00000014)
    __rt_lib_init_lc_ctype_1                 0x080002f1   Thumb Code     0  libinit2.o(.ARM.Collect$$libinit$$00000015)
    __rt_lib_init_lc_monetary_1              0x080002f1   Thumb Code     0  libinit2.o(.ARM.Collect$$libinit$$00000017)
    __rt_lib_init_lc_numeric_2               0x080002f1   Thumb Code     0  libinit2.o(.ARM.Collect$$libinit$$00000018)
    __rt_lib_init_alloca_1                   0x080002fb   Thumb Code     0  libinit2.o(.ARM.Collect$$libinit$$00000030)
    __rt_lib_init_argv_1                     0x080002fb   Thumb Code     0  libinit2.o(.ARM.Collect$$libinit$$0000002E)
    __rt_lib_init_atexit_1                   0x080002fb   Thumb Code     0  libinit2.o(.ARM.Collect$$libinit$$0000001D)
    __rt_lib_init_clock_1                    0x080002fb   Thumb Code     0  libinit2.o(.ARM.Collect$$libinit$$00000023)
    __rt_lib_init_cpp_1                      0x080002fb   Thumb Code     0  libinit2.o(.ARM.Collect$$libinit$$00000034)
    __rt_lib_init_exceptions_1               0x080002fb   Thumb Code     0  libinit2.o(.ARM.Collect$$libinit$$00000032)
    __rt_lib_init_fp_trap_1                  0x080002fb   Thumb Code     0  libinit2.o(.ARM.Collect$$libinit$$00000021)
    __rt_lib_init_getenv_1                   0x080002fb   Thumb Code     0  libinit2.o(.ARM.Collect$$libinit$$00000025)
    __rt_lib_init_lc_numeric_1               0x080002fb   Thumb Code     0  libinit2.o(.ARM.Collect$$libinit$$00000019)
    __rt_lib_init_lc_time_1                  0x080002fb   Thumb Code     0  libinit2.o(.ARM.Collect$$libinit$$0000001B)
    __rt_lib_init_return                     0x080002fb   Thumb Code     0  libinit2.o(.ARM.Collect$$libinit$$00000035)
    __rt_lib_init_signal_1                   0x080002fb   Thumb Code     0  libinit2.o(.ARM.Collect$$libinit$$0000001F)
    __rt_lib_init_stdio_1                    0x080002fb   Thumb Code     0  libinit2.o(.ARM.Collect$$libinit$$00000027)
    __rt_lib_shutdown                        0x080002fd   Thumb Code     0  libshutdown.o(.ARM.Collect$$libshutdown$$00000000)
    __rt_lib_shutdown_cpp_1                  0x080002ff   Thumb Code     0  libshutdown2.o(.ARM.Collect$$libshutdown$$00000002)
    __rt_lib_shutdown_fp_trap_1              0x080002ff   Thumb Code     0  libshutdown2.o(.ARM.Collect$$libshutdown$$00000007)
    __rt_lib_shutdown_heap_1                 0x080002ff   Thumb Code     0  libshutdown2.o(.ARM.Collect$$libshutdown$$0000000F)
    __rt_lib_shutdown_return                 0x080002ff   Thumb Code     0  libshutdown2.o(.ARM.Collect$$libshutdown$$00000010)
    __rt_lib_shutdown_signal_1               0x080002ff   Thumb Code     0  libshutdown2.o(.ARM.Collect$$libshutdown$$0000000A)
    __rt_lib_shutdown_stdio_1                0x080002ff   Thumb Code     0  libshutdown2.o(.ARM.Collect$$libshutdown$$00000004)
    __rt_lib_shutdown_user_alloc_1           0x080002ff   Thumb Code     0  libshutdown2.o(.ARM.Collect$$libshutdown$$0000000C)
    __rt_entry                               0x08000301   Thumb Code     0  __rtentry.o(.ARM.Collect$$rtentry$$00000000)
    __rt_entry_presh_1                       0x08000301   Thumb Code     0  __rtentry2.o(.ARM.Collect$$rtentry$$00000002)
    __rt_entry_sh                            0x08000301   Thumb Code     0  __rtentry4.o(.ARM.Collect$$rtentry$$00000004)
    __rt_entry_li                            0x08000307   Thumb Code     0  __rtentry2.o(.ARM.Collect$$rtentry$$0000000A)
    __rt_entry_postsh_1                      0x08000307   Thumb Code     0  __rtentry2.o(.ARM.Collect$$rtentry$$00000009)
    __rt_entry_main                          0x0800030b   Thumb Code     0  __rtentry2.o(.ARM.Collect$$rtentry$$0000000D)
    __rt_entry_postli_1                      0x0800030b   Thumb Code     0  __rtentry2.o(.ARM.Collect$$rtentry$$0000000C)
    __rt_exit                                0x08000313   Thumb Code     0  rtexit.o(.ARM.Collect$$rtexit$$00000000)
    __rt_exit_ls                             0x08000315   Thumb Code     0  rtexit2.o(.ARM.Collect$$rtexit$$00000003)
    __rt_exit_prels_1                        0x08000315   Thumb Code     0  rtexit2.o(.ARM.Collect$$rtexit$$00000002)
    __rt_exit_exit                           0x08000319   Thumb Code     0  rtexit2.o(.ARM.Collect$$rtexit$$00000004)
    Reset_Handler                            0x08000321   Thumb Code     8  startup_stm32f446xx.o(.text)
    NMI_Handler                              0x08000329   Thumb Code     2  startup_stm32f446xx.o(.text)
    HardFault_Handler                        0x0800032b   Thumb Code     2  startup_stm32f446xx.o(.text)
    MemManage_Handler                        0x0800032d   Thumb Code     2  startup_stm32f446xx.o(.text)
    BusFault_Handler                         0x0800032f   Thumb Code     2  startup_stm32f446xx.o(.text)
    UsageFault_Handler                       0x08000331   Thumb Code     2  startup_stm32f446xx.o(.text)
    SVC_Handler                              0x08000333   Thumb Code     2  startup_stm32f446xx.o(.text)
    DebugMon_Handler                         0x08000335   Thumb Code     2  startup_stm32f446xx.o(.text)
    PendSV_Handler                           0x08000337   Thumb Code     2  startup_stm32f446xx.o(.text)
    SysTick_Handler                          0x08000339   Thumb Code     2  startup_stm32f446xx.o(.text)
    ADC_IRQHandler                           0x0800033b   Thumb Code     0  startup_stm32f446xx.o(.text)
    CAN1_RX0_IRQHandler                      0x0800033b   Thumb Code     0  startup_stm32f446xx.o(.text)
    CAN1_RX1_IRQHandler                      0x0800033b   Thumb Code     0  startup_stm32f446xx.o(.text)
    CAN1_SCE_IRQHandler                      0x0800033b   Thumb Code     0  startup_stm32f446xx.o(.text)
    CAN1_TX_IRQHandler                       0x0800033b   Thumb Code     0  startup_stm32f446xx.o(.text)
    CAN2_RX0_IRQHandler                      0x0800033b   Thumb Code     0  startup_stm32f446xx.o(.text)
    CAN2_RX1_IRQHandler                      0x0800033b   Thumb Code     0  startup_stm32f446xx.o(.text)
    CAN2_SCE_IRQHandler                      0x0800033b   Thumb Code     0  startup_stm32f446xx.o(.text)
    CAN2_TX_IRQHandler                       0x0800033b   Thumb Code     0  startup_stm32f446xx.o(.text)
    CEC_IRQHandler                           0x0800033b   Thumb Code     0  startup_stm32f446xx.o(.text)
    DCMI_IRQHandler                          0x0800033b   Thumb Code     0  startup_stm32f446xx.o(.text)
    DMA1_Stream0_IRQHandler                  0x0800033b   Thumb Code     0  startup_stm32f446xx.o(.text)
    DMA1_Stream1_IRQHandler                  0x0800033b   Thumb Code     0  startup_stm32f446xx.o(.text)
    DMA1_Stream2_IRQHandler                  0x0800033b   Thumb Code     0  startup_stm32f446xx.o(.text)
    DMA1_Stream3_IRQHandler                  0x0800033b   Thumb Code     0  startup_stm32f446xx.o(.text)
    DMA1_Stream4_IRQHandler                  0x0800033b   Thumb Code     0  startup_stm32f446xx.o(.text)
    DMA1_Stream5_IRQHandler                  0x0800033b   Thumb Code     0  startup_stm32f446xx.o(.text)
    DMA1_Stream6_IRQHandler                  0x0800033b   Thumb Code     0  startup_stm32f446xx.o(.text)
    DMA1_Stream7_IRQHandler                  0x0800033b   Thumb Code     0  startup_stm32f446xx.o(.text)
    DMA2_Stream0_IRQHandler                  0x0800033b   Thumb Code     0  startup_stm32f446xx.o(.text)
    DMA2_Stream1_IRQHandler                  0x0800033b   Thumb Code     0  startup_stm32f446xx.o(.text)
    DMA2_Stream2_IRQHandler                  0x0800033b   Thumb Code     0  startup_stm32f446xx.o(.text)
    DMA2_Stream3_IRQHandler                  0x0800033b   Thumb Code     0  startup_stm32f446xx.o(.text)
    DMA2_Stream4_IRQHandler                  0x0800033b   Thumb Code     0  startup_stm32f446xx.o(.text)
    DMA2_Stream5_IRQHandler                  0x0800033b   Thumb Code     0  startup_stm32f446xx.o(.text)
    DMA2_Stream6_IRQHandler                  0x0800033b   Thumb Code     0  startup_stm32f446xx.o(.text)
    DMA2_Stream7_IRQHandler                  0x0800033b   Thumb Code     0  startup_stm32f446xx.o(.text)
    EXTI0_IRQHandler                         0x0800033b   Thumb Code     0  startup_stm32f446xx.o(.text)
    EXTI15_10_IRQHandler                     0x0800033b   Thumb Code     0  startup_stm32f446xx.o(.text)
    EXTI1_IRQHandler                         0x0800033b   Thumb Code     0  startup_stm32f446xx.o(.text)
    EXTI2_IRQHandler                         0x0800033b   Thumb Code     0  startup_stm32f446xx.o(.text)
    EXTI3_IRQHandler                         0x0800033b   Thumb Code     0  startup_stm32f446xx.o(.text)
    EXTI4_IRQHandler                         0x0800033b   Thumb Code     0  startup_stm32f446xx.o(.text)
    EXTI9_5_IRQHandler                       0x0800033b   Thumb Code     0  startup_stm32f446xx.o(.text)
    FLASH_IRQHandler                         0x0800033b   Thumb Code     0  startup_stm32f446xx.o(.text)
    FMC_IRQHandler                           0x0800033b   Thumb Code     0  startup_stm32f446xx.o(.text)
    FMPI2C1_ER_IRQHandler                    0x0800033b   Thumb Code     0  startup_stm32f446xx.o(.text)
    FMPI2C1_EV_IRQHandler                    0x0800033b   Thumb Code     0  startup_stm32f446xx.o(.text)
    FPU_IRQHandler                           0x0800033b   Thumb Code     0  startup_stm32f446xx.o(.text)
    I2C1_ER_IRQHandler                       0x0800033b   Thumb Code     0  startup_stm32f446xx.o(.text)
    I2C1_EV_IRQHandler                       0x0800033b   Thumb Code     0  startup_stm32f446xx.o(.text)
    I2C2_ER_IRQHandler                       0x0800033b   Thumb Code     0  startup_stm32f446xx.o(.text)
    I2C2_EV_IRQHandler                       0x0800033b   Thumb Code     0  startup_stm32f446xx.o(.text)
    I2C3_ER_IRQHandler                       0x0800033b   Thumb Code     0  startup_stm32f446xx.o(.text)
    I2C3_EV_IRQHandler                       0x0800033b   Thumb Code     0  startup_stm32f446xx.o(.text)
    OTG_FS_IRQHandler                        0x0800033b   Thumb Code     0  startup_stm32f446xx.o(.text)
    OTG_FS_WKUP_IRQHandler                   0x0800033b   Thumb Code     0  startup_stm32f446xx.o(.text)
    OTG_HS_EP1_IN_IRQHandler                 0x0800033b   Thumb Code     0  startup_stm32f446xx.o(.text)
    OTG_HS_EP1_OUT_IRQHandler                0x0800033b   Thumb Code     0  startup_stm32f446xx.o(.text)
    OTG_HS_IRQHandler                        0x0800033b   Thumb Code     0  startup_stm32f446xx.o(.text)
    OTG_HS_WKUP_IRQHandler                   0x0800033b   Thumb Code     0  startup_stm32f446xx.o(.text)
    PVD_IRQHandler                           0x0800033b   Thumb Code     0  startup_stm32f446xx.o(.text)
    QUADSPI_IRQHandler                       0x0800033b   Thumb Code     0  startup_stm32f446xx.o(.text)
    RCC_IRQHandler                           0x0800033b   Thumb Code     0  startup_stm32f446xx.o(.text)
    RTC_Alarm_IRQHandler                     0x0800033b   Thumb Code     0  startup_stm32f446xx.o(.text)
    RTC_WKUP_IRQHandler                      0x0800033b   Thumb Code     0  startup_stm32f446xx.o(.text)
    SAI1_IRQHandler                          0x0800033b   Thumb Code     0  startup_stm32f446xx.o(.text)
    SAI2_IRQHandler                          0x0800033b   Thumb Code     0  startup_stm32f446xx.o(.text)
    SDIO_IRQHandler                          0x0800033b   Thumb Code     0  startup_stm32f446xx.o(.text)
    SPDIF_RX_IRQHandler                      0x0800033b   Thumb Code     0  startup_stm32f446xx.o(.text)
    SPI1_IRQHandler                          0x0800033b   Thumb Code     0  startup_stm32f446xx.o(.text)
    SPI2_IRQHandler                          0x0800033b   Thumb Code     0  startup_stm32f446xx.o(.text)
    SPI3_IRQHandler                          0x0800033b   Thumb Code     0  startup_stm32f446xx.o(.text)
    SPI4_IRQHandler                          0x0800033b   Thumb Code     0  startup_stm32f446xx.o(.text)
    TAMP_STAMP_IRQHandler                    0x0800033b   Thumb Code     0  startup_stm32f446xx.o(.text)
    TIM1_BRK_TIM9_IRQHandler                 0x0800033b   Thumb Code     0  startup_stm32f446xx.o(.text)
    TIM1_CC_IRQHandler                       0x0800033b   Thumb Code     0  startup_stm32f446xx.o(.text)
    TIM1_TRG_COM_TIM11_IRQHandler            0x0800033b   Thumb Code     0  startup_stm32f446xx.o(.text)
    TIM1_UP_TIM10_IRQHandler                 0x0800033b   Thumb Code     0  startup_stm32f446xx.o(.text)
    TIM2_IRQHandler                          0x0800033b   Thumb Code     0  startup_stm32f446xx.o(.text)
    TIM3_IRQHandler                          0x0800033b   Thumb Code     0  startup_stm32f446xx.o(.text)
    TIM4_IRQHandler                          0x0800033b   Thumb Code     0  startup_stm32f446xx.o(.text)
    TIM5_IRQHandler                          0x0800033b   Thumb Code     0  startup_stm32f446xx.o(.text)
    TIM6_DAC_IRQHandler                      0x0800033b   Thumb Code     0  startup_stm32f446xx.o(.text)
    TIM7_IRQHandler                          0x0800033b   Thumb Code     0  startup_stm32f446xx.o(.text)
    TIM8_BRK_TIM12_IRQHandler                0x0800033b   Thumb Code     0  startup_stm32f446xx.o(.text)
    TIM8_CC_IRQHandler                       0x0800033b   Thumb Code     0  startup_stm32f446xx.o(.text)
    TIM8_TRG_COM_TIM14_IRQHandler            0x0800033b   Thumb Code     0  startup_stm32f446xx.o(.text)
    TIM8_UP_TIM13_IRQHandler                 0x0800033b   Thumb Code     0  startup_stm32f446xx.o(.text)
    UART4_IRQHandler                         0x0800033b   Thumb Code     0  startup_stm32f446xx.o(.text)
    UART5_IRQHandler                         0x0800033b   Thumb Code     0  startup_stm32f446xx.o(.text)
    USART1_IRQHandler                        0x0800033b   Thumb Code     0  startup_stm32f446xx.o(.text)
    USART2_IRQHandler                        0x0800033b   Thumb Code     0  startup_stm32f446xx.o(.text)
    USART3_IRQHandler                        0x0800033b   Thumb Code     0  startup_stm32f446xx.o(.text)
    USART6_IRQHandler                        0x0800033b   Thumb Code     0  startup_stm32f446xx.o(.text)
    WWDG_IRQHandler                          0x0800033b   Thumb Code     0  startup_stm32f446xx.o(.text)
    __user_initial_stackheap                 0x0800033d   Thumb Code     0  startup_stm32f446xx.o(.text)
    sprintf                                  0x08000361   Thumb Code    38  sprintf.o(.text)
    sscanf                                   0x0800038d   Thumb Code    52  sscanf.o(.text)
    __use_two_region_memory                  0x080003c9   Thumb Code     2  heapauxi.o(.text)
    __rt_heap_escrow$2region                 0x080003cb   Thumb Code     2  heapauxi.o(.text)
    __rt_heap_expand$2region                 0x080003cd   Thumb Code     2  heapauxi.o(.text)
    _printf_pre_padding                      0x080003cf   Thumb Code    44  _printf_pad.o(.text)
    _printf_post_padding                     0x080003fb   Thumb Code    34  _printf_pad.o(.text)
    _printf_truncate_signed                  0x0800041d   Thumb Code    18  _printf_truncate.o(.text)
    _printf_truncate_unsigned                0x0800042f   Thumb Code    18  _printf_truncate.o(.text)
    _printf_str                              0x08000441   Thumb Code    82  _printf_str.o(.text)
    _printf_int_dec                          0x08000495   Thumb Code   104  _printf_dec.o(.text)
    _printf_charcount                        0x0800050d   Thumb Code    40  _printf_charcount.o(.text)
    _printf_char_common                      0x0800053f   Thumb Code    32  _printf_char_common.o(.text)
    _sputc                                   0x08000565   Thumb Code    10  _sputc.o(.text)
    _printf_wctomb                           0x08000571   Thumb Code   182  _printf_wctomb.o(.text)
    _printf_longlong_dec                     0x0800062d   Thumb Code   108  _printf_longlong_dec.o(.text)
    _printf_longlong_oct                     0x080006a9   Thumb Code    68  _printf_oct_int_ll.o(.text)
    _printf_int_oct                          0x080006ed   Thumb Code    24  _printf_oct_int_ll.o(.text)
    _printf_ll_oct                           0x08000705   Thumb Code    12  _printf_oct_int_ll.o(.text)
    _printf_longlong_hex                     0x08000719   Thumb Code    86  _printf_hex_int_ll_ptr.o(.text)
    _printf_int_hex                          0x0800076f   Thumb Code    28  _printf_hex_int_ll_ptr.o(.text)
    _printf_ll_hex                           0x0800078b   Thumb Code    12  _printf_hex_int_ll_ptr.o(.text)
    _printf_hex_ptr                          0x08000797   Thumb Code    18  _printf_hex_int_ll_ptr.o(.text)
    __printf                                 0x080007ad   Thumb Code   388  __printf_flags_ss_wp.o(.text)
    _scanf_longlong                          0x08000935   Thumb Code   342  _scanf_longlong.o(.text)
    _scanf_int                               0x08000a8b   Thumb Code   332  _scanf_int.o(.text)
    _scanf_string                            0x08000bd7   Thumb Code   224  _scanf_str.o(.text)
    __vfscanf_char                           0x08000cc5   Thumb Code    24  scanf_char.o(.text)
    _sgetc                                   0x08000ce5   Thumb Code    30  _sgetc.o(.text)
    _sbackspace                              0x08000d03   Thumb Code    34  _sgetc.o(.text)
    _scanf_mbtowc                            0x08000d25   Thumb Code   276  _scanf_mbtowc.o(.text)
    _scanf_wctomb                            0x08000e39   Thumb Code   232  _scanf_wctomb.o(.text)
    _scanf_wstring                           0x08000f21   Thumb Code   208  _scanf_wstr.o(.text)
    _ll_udiv10                               0x08000ff1   Thumb Code   138  lludiv10.o(.text)
    isspace                                  0x0800107b   Thumb Code    18  isspace.o(.text)
    _printf_int_common                       0x0800108d   Thumb Code   178  _printf_intcommon.o(.text)
    _printf_fp_dec_real                      0x080012ef   Thumb Code   620  _printf_fp_dec.o(.text)
    _printf_fp_hex_real                      0x0800155d   Thumb Code   756  _printf_fp_hex.o(.text)
    _printf_cs_common                        0x08001859   Thumb Code    20  _printf_char.o(.text)
    _printf_char                             0x0800186d   Thumb Code    16  _printf_char.o(.text)
    _printf_string                           0x0800187d   Thumb Code     8  _printf_char.o(.text)
    _printf_lcs_common                       0x08001885   Thumb Code    20  _printf_wchar.o(.text)
    _printf_wchar                            0x08001899   Thumb Code    16  _printf_wchar.o(.text)
    _printf_wstring                          0x080018a9   Thumb Code     8  _printf_wchar.o(.text)
    _chval                                   0x080018b1   Thumb Code    28  _chval.o(.text)
    __vfscanf                                0x080018cd   Thumb Code   878  _scanf.o(.text)
    _scanf_really_real                       0x08001e8d   Thumb Code   684  scanf_fp.o(.text)
    _scanf_wcharmap                          0x08002139   Thumb Code    30  _scanf_wcharmap.o(.text)
    _mbrtoc16                                0x08002157   Thumb Code    64  _mbrtoc16.o(.text)
    _mbrtowc                                 0x08002157   Thumb Code     0  _mbrtoc16.o(.text)
    _c16rtomb                                0x08002197   Thumb Code    72  _c16rtomb.o(.text)
    _wcrtomb                                 0x08002197   Thumb Code     0  _c16rtomb.o(.text)
    __user_setup_stackheap                   0x080021df   Thumb Code    74  sys_stackheap_outer.o(.text)
    __rt_ctype_table                         0x08002229   Thumb Code    16  rt_ctype_table.o(.text)
    __rt_locale                              0x08002239   Thumb Code     8  rt_locale_intlibspace.o(.text)
    __aeabi_errno_addr                       0x08002241   Thumb Code     8  rt_errno_addr_intlibspace.o(.text)
    __errno$intlibspace                      0x08002241   Thumb Code     0  rt_errno_addr_intlibspace.o(.text)
    __rt_errno_addr$intlibspace              0x08002241   Thumb Code     0  rt_errno_addr_intlibspace.o(.text)
    __aeabi_llsl                             0x08002249   Thumb Code     0  llshl.o(.text)
    _ll_shift_l                              0x08002249   Thumb Code    38  llshl.o(.text)
    _printf_fp_infnan                        0x08002271   Thumb Code   112  _printf_fp_infnan.o(.text)
    _btod_etento                             0x080022f1   Thumb Code   224  bigflt0.o(.text)
    exit                                     0x080023d5   Thumb Code    18  exit.o(.text)
    __user_libspace                          0x080023e9   Thumb Code     8  libspace.o(.text)
    __user_perproc_libspace                  0x080023e9   Thumb Code     0  libspace.o(.text)
    __user_perthread_libspace                0x080023e9   Thumb Code     0  libspace.o(.text)
    __read_errno                             0x080023f1   Thumb Code    10  _rserrno.o(.text)
    __set_errno                              0x080023fb   Thumb Code    12  _rserrno.o(.text)
    _scanf_really_hex_real                   0x08002409   Thumb Code   786  scanf_hexfp.o(.text)
    _scanf_really_infnan                     0x08002729   Thumb Code   292  scanf_infnan.o(.text)
    strcmp                                   0x08002861   Thumb Code   124  strcmpv7em.o(.text)
    _sys_exit                                0x080028dd   Thumb Code     8  sys_exit.o(.text)
    __I$use$semihosting                      0x080028e9   Thumb Code     0  use_no_semi.o(.text)
    __use_no_semihosting_swi                 0x080028e9   Thumb Code     2  use_no_semi.o(.text)
    __semihosting_library_function           0x080028eb   Thumb Code     0  indicate_semi.o(.text)
    I2C1_init                                0x080028ed   Thumb Code   168  lcd_i2c.o(.text.I2C1_init)
    SystemInit                               0x08002995   Thumb Code    18  system_stm32f4xx.o(.text.SystemInit)
    bcd2dec                                  0x080029a9   Thumb Code    30  main.o(.text.bcd2dec)
    config_spi1_pins                         0x08002af5   Thumb Code   160  main.o(.text.config_spi1_pins)
    dec2bcd                                  0x08002c41   Thumb Code    38  main.o(.text.dec2bcd)
    delayMs                                  0x08002c69   Thumb Code    56  lcd_i2c.o(.text.delayMs)
    delay_ms                                 0x08002ca1   Thumb Code    50  main.o(.text.delay_ms)
    enable_gpio_spi1_clocks                  0x08002cd5   Thumb Code    34  main.o(.text.enable_gpio_spi1_clocks)
    getData                                  0x08002cf9   Thumb Code   200  uart.o(.text.getData)
    getTime                                  0x08002dc1   Thumb Code    98  main.o(.text.getTime)
    getcUart                                 0x08002e25   Thumb Code    36  uart.o(.text.getcUart)
    i2c_write                                0x08002f29   Thumb Code   186  lcd_i2c.o(.text.i2c_write)
    initRTC                                  0x08002fe5   Thumb Code   278  main.o(.text.initRTC)
    initUsart2                               0x080030fd   Thumb Code   138  uart.o(.text.initUsart2)
    keypad_init                              0x08003189   Thumb Code   552  keypad.o(.text.keypad_init)
    keypad_read_code                         0x080033b1   Thumb Code   136  keypad.o(.text.keypad_read_code)
    keypad_scan                              0x08003439   Thumb Code   174  keypad.o(.text.keypad_scan)
    lcd_clear                                0x080034e9   Thumb Code    16  lcd_i2c.o(.text.lcd_clear)
    lcd_init                                 0x080034f9   Thumb Code    74  lcd_i2c.o(.text.lcd_init)
    lcd_print                                0x08003545   Thumb Code    34  lcd_i2c.o(.text.lcd_print)
    lcd_send_cmd                             0x08003569   Thumb Code    42  lcd_i2c.o(.text.lcd_send_cmd)
    lcd_send_data                            0x08003595   Thumb Code    42  lcd_i2c.o(.text.lcd_send_data)
    lcd_write4                               0x080035c1   Thumb Code    54  lcd_i2c.o(.text.lcd_write4)
    leds_init                                0x080035f9   Thumb Code   254  main.o(.text.leds_init)
    main                                     0x080036f9   Thumb Code   924  main.o(.text.main)
    mfrc522_antenna_on                       0x08003a95   Thumb Code    36  main.o(.text.mfrc522_antenna_on)
    mfrc522_hw_reset                         0x08003b65   Thumb Code    30  main.o(.text.mfrc522_hw_reset)
    mfrc522_init_14443a                      0x08003b85   Thumb Code    72  main.o(.text.mfrc522_init_14443a)
    mfrc522_read                             0x08003bcd   Thumb Code    48  main.o(.text.mfrc522_read)
    mfrc522_soft_reset                       0x08003bfd   Thumb Code    18  main.o(.text.mfrc522_soft_reset)
    mfrc522_write                            0x08003d89   Thumb Code    46  main.o(.text.mfrc522_write)
    putcUart                                 0x08003fad   Thumb Code    46  uart.o(.text.putcUart)
    putsUart                                 0x08003fdd   Thumb Code    50  uart.o(.text.putsUart)
    resetData                                0x0800408d   Thumb Code    40  main.o(.text.resetData)
    setTime                                  0x080040d5   Thumb Code   156  main.o(.text.setTime)
    spi1_init_mode0                          0x08004171   Thumb Code    50  main.o(.text.spi1_init_mode0)
    spi1_txrx                                0x080041a5   Thumb Code    76  main.o(.text.spi1_txrx)
    _btod_d2e                                0x080042d5   Thumb Code    62  btod.o(CL$$btod_d2e)
    _d2e_denorm_low                          0x08004313   Thumb Code    70  btod.o(CL$$btod_d2e_denorm_low)
    _d2e_norm_op1                            0x08004359   Thumb Code    96  btod.o(CL$$btod_d2e_norm_op1)
    __btod_div_common                        0x080043b9   Thumb Code   696  btod.o(CL$$btod_div_common)
    _e2d                                     0x080046f1   Thumb Code   122  btod.o(CL$$btod_e2d)
    _e2e                                     0x08004775   Thumb Code   220  btod.o(CL$$btod_e2e)
    _btod_ediv                               0x08004851   Thumb Code    42  btod.o(CL$$btod_ediv)
    _btod_edivd                              0x0800487b   Thumb Code    42  btod.o(CL$$btod_edivd)
    _btod_emul                               0x080048a5   Thumb Code    42  btod.o(CL$$btod_emul)
    _btod_emuld                              0x080048cf   Thumb Code    42  btod.o(CL$$btod_emuld)
    __btod_mult_common                       0x080048f9   Thumb Code   580  btod.o(CL$$btod_mult_common)
    __ARM_fpclassify                         0x08004b3d   Thumb Code    48  fpclassify.o(i.__ARM_fpclassify)
    __hardfp___mathlib_tofloat               0x08004b71   Thumb Code   232  narrow.o(i.__hardfp___mathlib_tofloat)
    __hardfp_ldexp                           0x08004c69   Thumb Code   200  ldexp.o(i.__hardfp_ldexp)
    __mathlib_dbl_overflow                   0x08004d39   Thumb Code    24  dunder.o(i.__mathlib_dbl_overflow)
    __mathlib_dbl_underflow                  0x08004d59   Thumb Code    24  dunder.o(i.__mathlib_dbl_underflow)
    __mathlib_narrow                         0x08004d79   Thumb Code    18  narrow.o(i.__mathlib_narrow)
    __support_ldexp                          0x08004d8b   Thumb Code    20  ldexp.o(i.__support_ldexp)
    _is_digit                                0x08004d9f   Thumb Code    14  __printf_wp.o(i._is_digit)
    frexp                                    0x08004db1   Thumb Code   118  frexp.o(i.frexp)
    _get_lc_numeric                          0x08004e3d   Thumb Code    44  lc_numeric_c.o(locale$$code)
    _get_lc_ctype                            0x08004e69   Thumb Code    44  lc_ctype_c.o(locale$$code)
    __aeabi_d2f                              0x08004e95   Thumb Code     0  d2f.o(x$fpl$d2f)
    _d2f                                     0x08004e95   Thumb Code    98  d2f.o(x$fpl$d2f)
    __fpl_dcheck_NaN1                        0x08004ef9   Thumb Code    10  dcheck1.o(x$fpl$dcheck1)
    __fpl_dcmp_Inf                           0x08004f09   Thumb Code    24  dcmpi.o(x$fpl$dcmpinf)
    __aeabi_cdcmpeq                          0x08004f21   Thumb Code     0  deqf.o(x$fpl$deqf)
    _dcmpeq                                  0x08004f21   Thumb Code   120  deqf.o(x$fpl$deqf)
    __aeabi_cdcmple                          0x08004f99   Thumb Code     0  dleqf.o(x$fpl$dleqf)
    _dcmple                                  0x08004f99   Thumb Code   120  dleqf.o(x$fpl$dleqf)
    __fpl_dcmple_InfNaN                      0x08004ffb   Thumb Code     0  dleqf.o(x$fpl$dleqf)
    __aeabi_dmul                             0x08005011   Thumb Code     0  dmul.o(x$fpl$dmul)
    _dmul                                    0x08005011   Thumb Code   332  dmul.o(x$fpl$dmul)
    __fpl_dnaninf                            0x08005165   Thumb Code   156  dnaninf.o(x$fpl$dnaninf)
    __fpl_dretinf                            0x08005201   Thumb Code    12  dretinf.o(x$fpl$dretinf)
    __aeabi_cdrcmple                         0x0800520d   Thumb Code     0  drleqf.o(x$fpl$drleqf)
    _drcmple                                 0x0800520d   Thumb Code   108  drleqf.o(x$fpl$drleqf)
    _fp_init                                 0x08005279   Thumb Code    26  fpinit.o(x$fpl$fpinit)
    __fplib_config_fpu_vfp                   0x08005291   Thumb Code     0  fpinit.o(x$fpl$fpinit)
    __fplib_config_pureend_doubles           0x08005291   Thumb Code     0  fpinit.o(x$fpl$fpinit)
    __fpl_fretinf                            0x08005293   Thumb Code    10  fretinf.o(x$fpl$fretinf)
    __ieee_status                            0x0800529d   Thumb Code     6  istatus.o(x$fpl$ieeestatus)
    _printf_fp_dec                           0x080052a3   Thumb Code     4  printf1.o(x$fpl$printf1)
    _printf_fp_hex                           0x080052a7   Thumb Code     4  printf2.o(x$fpl$printf2)
    __fpl_return_NaN                         0x080052ab   Thumb Code   100  retnan.o(x$fpl$retnan)
    __ARM_scalbn                             0x0800530f   Thumb Code    92  scalbn.o(x$fpl$scalbn)
    _scanf_real                              0x0800536b   Thumb Code     4  scanf1.o(x$fpl$scanf1)
    _scanf_hex_real                          0x0800536f   Thumb Code     4  scanf2.o(x$fpl$scanf2)
    _scanf_infnan                            0x08005373   Thumb Code     4  scanf2.o(x$fpl$scanf2)
    __fpl_cmpreturn                          0x08005377   Thumb Code    48  trapv.o(x$fpl$trapveneer)
    __I$use$fp                               0x080053a6   Number         0  usenofp.o(x$fpl$usenofp)
    Region$$Table$$Base                      0x080055e4   Number         0  anon$$obj.o(Region$$Table)
    Region$$Table$$Limit                     0x080055f4   Number         0  anon$$obj.o(Region$$Table)
    __aeabi_HUGE_VAL                         0x080055f4   Data           0  fpconst.o(c$$dinf)
    __aeabi_HUGE_VALL                        0x080055f4   Data           0  fpconst.o(c$$dinf)
    __aeabi_INFINITY                         0x080055f4   Data           0  fpconst.o(c$$dinf)
    __dInf                                   0x080055f4   Data           0  fpconst.o(c$$dinf)
    __huge_val                               0x080055f4   Data           0  fpconst.o(c$$dinf)
    __dbl_max                                0x080055fc   Data           0  fpconst.o(c$$dmax)
    __ctype                                  0x0800562d   Data           0  lc_ctype_c.o(locale$$data)
    __libspace_start                         0x20000000   Data          96  libspace.o(.bss)
    __temporary_stack_top$libspace           0x20000060   Data           0  libspace.o(.bss)



==============================================================================

Memory Map of the image

  Image Entry point : 0x08000321

  Load Region LR_1 (Base: 0x08000000, Size: 0x00005730, Max: 0xffffffff, ABSOLUTE)

    Execution Region ER_RO (Exec base: 0x08000000, Load base: 0x08000000, Size: 0x00005730, Max: 0xffffffff, ABSOLUTE)

    Exec Addr    Load Addr    Size         Type   Attr      Idx    E Section Name        Object

    0x08000000   0x08000000   0x000001c4   Data   RO          153    RESET               startup_stm32f446xx.o
    0x080001c4   0x080001c4   0x00000008   Code   RO          182  * !!!main             c_w.l(__main.o)
    0x080001cc   0x080001cc   0x0000005c   Code   RO          651    !!!scatter          c_w.l(__scatter.o)
    0x08000228   0x08000228   0x00000002   Code   RO          652    !!handler_null      c_w.l(__scatter.o)
    0x0800022a   0x0800022a   0x00000002   PAD
    0x0800022c   0x0800022c   0x0000001c   Code   RO          655    !!handler_zi        c_w.l(__scatter_zi.o)
    0x08000248   0x08000248   0x00000000   Code   RO          266    .ARM.Collect$$_printf_percent$$00000000  c_w.l(_printf_percent.o)
    0x08000248   0x08000248   0x00000006   Code   RO          255    .ARM.Collect$$_printf_percent$$00000001  c_w.l(_printf_n.o)
    0x0800024e   0x0800024e   0x00000006   Code   RO          257    .ARM.Collect$$_printf_percent$$00000002  c_w.l(_printf_p.o)
    0x08000254   0x08000254   0x00000006   Code   RO          262    .ARM.Collect$$_printf_percent$$00000003  c_w.l(_printf_f.o)
    0x0800025a   0x0800025a   0x00000006   Code   RO          263    .ARM.Collect$$_printf_percent$$00000004  c_w.l(_printf_e.o)
    0x08000260   0x08000260   0x00000006   Code   RO          264    .ARM.Collect$$_printf_percent$$00000005  c_w.l(_printf_g.o)
    0x08000266   0x08000266   0x00000006   Code   RO          265    .ARM.Collect$$_printf_percent$$00000006  c_w.l(_printf_a.o)
    0x0800026c   0x0800026c   0x0000000a   Code   RO          270    .ARM.Collect$$_printf_percent$$00000007  c_w.l(_printf_ll.o)
    0x08000276   0x08000276   0x00000006   Code   RO          259    .ARM.Collect$$_printf_percent$$00000008  c_w.l(_printf_i.o)
    0x0800027c   0x0800027c   0x00000006   Code   RO          260    .ARM.Collect$$_printf_percent$$00000009  c_w.l(_printf_d.o)
    0x08000282   0x08000282   0x00000006   Code   RO          261    .ARM.Collect$$_printf_percent$$0000000A  c_w.l(_printf_u.o)
    0x08000288   0x08000288   0x00000006   Code   RO          258    .ARM.Collect$$_printf_percent$$0000000B  c_w.l(_printf_o.o)
    0x0800028e   0x0800028e   0x00000006   Code   RO          256    .ARM.Collect$$_printf_percent$$0000000C  c_w.l(_printf_x.o)
    0x08000294   0x08000294   0x00000006   Code   RO          267    .ARM.Collect$$_printf_percent$$0000000D  c_w.l(_printf_lli.o)
    0x0800029a   0x0800029a   0x00000006   Code   RO          268    .ARM.Collect$$_printf_percent$$0000000E  c_w.l(_printf_lld.o)
    0x080002a0   0x080002a0   0x00000006   Code   RO          269    .ARM.Collect$$_printf_percent$$0000000F  c_w.l(_printf_llu.o)
    0x080002a6   0x080002a6   0x00000006   Code   RO          274    .ARM.Collect$$_printf_percent$$00000010  c_w.l(_printf_llo.o)
    0x080002ac   0x080002ac   0x00000006   Code   RO          275    .ARM.Collect$$_printf_percent$$00000011  c_w.l(_printf_llx.o)
    0x080002b2   0x080002b2   0x0000000a   Code   RO          271    .ARM.Collect$$_printf_percent$$00000012  c_w.l(_printf_l.o)
    0x080002bc   0x080002bc   0x00000006   Code   RO          253    .ARM.Collect$$_printf_percent$$00000013  c_w.l(_printf_c.o)
    0x080002c2   0x080002c2   0x00000006   Code   RO          254    .ARM.Collect$$_printf_percent$$00000014  c_w.l(_printf_s.o)
    0x080002c8   0x080002c8   0x00000006   Code   RO          272    .ARM.Collect$$_printf_percent$$00000015  c_w.l(_printf_lc.o)
    0x080002ce   0x080002ce   0x00000006   Code   RO          273    .ARM.Collect$$_printf_percent$$00000016  c_w.l(_printf_ls.o)
    0x080002d4   0x080002d4   0x00000004   Code   RO          336    .ARM.Collect$$_printf_percent$$00000017  c_w.l(_printf_percent_end.o)
    0x080002d8   0x080002d8   0x00000002   Code   RO          411    .ARM.Collect$$libinit$$00000000  c_w.l(libinit.o)
    0x080002da   0x080002da   0x00000004   Code   RO          453    .ARM.Collect$$libinit$$00000001  c_w.l(libinit2.o)
    0x080002de   0x080002de   0x00000000   Code   RO          456    .ARM.Collect$$libinit$$00000004  c_w.l(libinit2.o)
    0x080002de   0x080002de   0x00000000   Code   RO          458    .ARM.Collect$$libinit$$00000006  c_w.l(libinit2.o)
    0x080002de   0x080002de   0x00000000   Code   RO          461    .ARM.Collect$$libinit$$0000000C  c_w.l(libinit2.o)
    0x080002de   0x080002de   0x00000000   Code   RO          463    .ARM.Collect$$libinit$$0000000E  c_w.l(libinit2.o)
    0x080002de   0x080002de   0x00000000   Code   RO          465    .ARM.Collect$$libinit$$00000010  c_w.l(libinit2.o)
    0x080002de   0x080002de   0x00000006   Code   RO          466    .ARM.Collect$$libinit$$00000011  c_w.l(libinit2.o)
    0x080002e4   0x080002e4   0x00000000   Code   RO          468    .ARM.Collect$$libinit$$00000013  c_w.l(libinit2.o)
    0x080002e4   0x080002e4   0x0000000c   Code   RO          469    .ARM.Collect$$libinit$$00000014  c_w.l(libinit2.o)
    0x080002f0   0x080002f0   0x00000000   Code   RO          470    .ARM.Collect$$libinit$$00000015  c_w.l(libinit2.o)
    0x080002f0   0x080002f0   0x00000000   Code   RO          472    .ARM.Collect$$libinit$$00000017  c_w.l(libinit2.o)
    0x080002f0   0x080002f0   0x0000000a   Code   RO          473    .ARM.Collect$$libinit$$00000018  c_w.l(libinit2.o)
    0x080002fa   0x080002fa   0x00000000   Code   RO          474    .ARM.Collect$$libinit$$00000019  c_w.l(libinit2.o)
    0x080002fa   0x080002fa   0x00000000   Code   RO          476    .ARM.Collect$$libinit$$0000001B  c_w.l(libinit2.o)
    0x080002fa   0x080002fa   0x00000000   Code   RO          478    .ARM.Collect$$libinit$$0000001D  c_w.l(libinit2.o)
    0x080002fa   0x080002fa   0x00000000   Code   RO          480    .ARM.Collect$$libinit$$0000001F  c_w.l(libinit2.o)
    0x080002fa   0x080002fa   0x00000000   Code   RO          482    .ARM.Collect$$libinit$$00000021  c_w.l(libinit2.o)
    0x080002fa   0x080002fa   0x00000000   Code   RO          484    .ARM.Collect$$libinit$$00000023  c_w.l(libinit2.o)
    0x080002fa   0x080002fa   0x00000000   Code   RO          486    .ARM.Collect$$libinit$$00000025  c_w.l(libinit2.o)
    0x080002fa   0x080002fa   0x00000000   Code   RO          488    .ARM.Collect$$libinit$$00000027  c_w.l(libinit2.o)
    0x080002fa   0x080002fa   0x00000000   Code   RO          492    .ARM.Collect$$libinit$$0000002E  c_w.l(libinit2.o)
    0x080002fa   0x080002fa   0x00000000   Code   RO          494    .ARM.Collect$$libinit$$00000030  c_w.l(libinit2.o)
    0x080002fa   0x080002fa   0x00000000   Code   RO          496    .ARM.Collect$$libinit$$00000032  c_w.l(libinit2.o)
    0x080002fa   0x080002fa   0x00000000   Code   RO          498    .ARM.Collect$$libinit$$00000034  c_w.l(libinit2.o)
    0x080002fa   0x080002fa   0x00000002   Code   RO          499    .ARM.Collect$$libinit$$00000035  c_w.l(libinit2.o)
    0x080002fc   0x080002fc   0x00000002   Code   RO          553    .ARM.Collect$$libshutdown$$00000000  c_w.l(libshutdown.o)
    0x080002fe   0x080002fe   0x00000000   Code   RO          586    .ARM.Collect$$libshutdown$$00000002  c_w.l(libshutdown2.o)
    0x080002fe   0x080002fe   0x00000000   Code   RO          588    .ARM.Collect$$libshutdown$$00000004  c_w.l(libshutdown2.o)
    0x080002fe   0x080002fe   0x00000000   Code   RO          591    .ARM.Collect$$libshutdown$$00000007  c_w.l(libshutdown2.o)
    0x080002fe   0x080002fe   0x00000000   Code   RO          594    .ARM.Collect$$libshutdown$$0000000A  c_w.l(libshutdown2.o)
    0x080002fe   0x080002fe   0x00000000   Code   RO          596    .ARM.Collect$$libshutdown$$0000000C  c_w.l(libshutdown2.o)
    0x080002fe   0x080002fe   0x00000000   Code   RO          599    .ARM.Collect$$libshutdown$$0000000F  c_w.l(libshutdown2.o)
    0x080002fe   0x080002fe   0x00000002   Code   RO          600    .ARM.Collect$$libshutdown$$00000010  c_w.l(libshutdown2.o)
    0x08000300   0x08000300   0x00000000   Code   RO          184    .ARM.Collect$$rtentry$$00000000  c_w.l(__rtentry.o)
    0x08000300   0x08000300   0x00000000   Code   RO          303    .ARM.Collect$$rtentry$$00000002  c_w.l(__rtentry2.o)
    0x08000300   0x08000300   0x00000006   Code   RO          315    .ARM.Collect$$rtentry$$00000004  c_w.l(__rtentry4.o)
    0x08000306   0x08000306   0x00000000   Code   RO          305    .ARM.Collect$$rtentry$$00000009  c_w.l(__rtentry2.o)
    0x08000306   0x08000306   0x00000004   Code   RO          306    .ARM.Collect$$rtentry$$0000000A  c_w.l(__rtentry2.o)
    0x0800030a   0x0800030a   0x00000000   Code   RO          308    .ARM.Collect$$rtentry$$0000000C  c_w.l(__rtentry2.o)
    0x0800030a   0x0800030a   0x00000008   Code   RO          309    .ARM.Collect$$rtentry$$0000000D  c_w.l(__rtentry2.o)
    0x08000312   0x08000312   0x00000002   Code   RO          438    .ARM.Collect$$rtexit$$00000000  c_w.l(rtexit.o)
    0x08000314   0x08000314   0x00000000   Code   RO          513    .ARM.Collect$$rtexit$$00000002  c_w.l(rtexit2.o)
    0x08000314   0x08000314   0x00000004   Code   RO          514    .ARM.Collect$$rtexit$$00000003  c_w.l(rtexit2.o)
    0x08000318   0x08000318   0x00000006   Code   RO          515    .ARM.Collect$$rtexit$$00000004  c_w.l(rtexit2.o)
    0x0800031e   0x0800031e   0x00000002   PAD
    0x08000320   0x08000320   0x00000040   Code   RO          154  * .text               startup_stm32f446xx.o
    0x08000360   0x08000360   0x0000002c   Code   RO          176    .text               c_w.l(sprintf.o)
    0x0800038c   0x0800038c   0x0000003c   Code   RO          178    .text               c_w.l(sscanf.o)
    0x080003c8   0x080003c8   0x00000006   Code   RO          180    .text               c_w.l(heapauxi.o)
    0x080003ce   0x080003ce   0x0000004e   Code   RO          187    .text               c_w.l(_printf_pad.o)
    0x0800041c   0x0800041c   0x00000024   Code   RO          189    .text               c_w.l(_printf_truncate.o)
    0x08000440   0x08000440   0x00000052   Code   RO          191    .text               c_w.l(_printf_str.o)
    0x08000492   0x08000492   0x00000002   PAD
    0x08000494   0x08000494   0x00000078   Code   RO          193    .text               c_w.l(_printf_dec.o)
    0x0800050c   0x0800050c   0x00000028   Code   RO          195    .text               c_w.l(_printf_charcount.o)
    0x08000534   0x08000534   0x00000030   Code   RO          197    .text               c_w.l(_printf_char_common.o)
    0x08000564   0x08000564   0x0000000a   Code   RO          199    .text               c_w.l(_sputc.o)
    0x0800056e   0x0800056e   0x00000002   PAD
    0x08000570   0x08000570   0x000000bc   Code   RO          201    .text               c_w.l(_printf_wctomb.o)
    0x0800062c   0x0800062c   0x0000007c   Code   RO          204    .text               c_w.l(_printf_longlong_dec.o)
    0x080006a8   0x080006a8   0x00000070   Code   RO          210    .text               c_w.l(_printf_oct_int_ll.o)
    0x08000718   0x08000718   0x00000094   Code   RO          230    .text               c_w.l(_printf_hex_int_ll_ptr.o)
    0x080007ac   0x080007ac   0x00000188   Code   RO          250    .text               c_w.l(__printf_flags_ss_wp.o)
    0x08000934   0x08000934   0x00000156   Code   RO          276    .text               c_w.l(_scanf_longlong.o)
    0x08000a8a   0x08000a8a   0x0000014c   Code   RO          278    .text               c_w.l(_scanf_int.o)
    0x08000bd6   0x08000bd6   0x000000e0   Code   RO          280    .text               c_w.l(_scanf_str.o)
    0x08000cb6   0x08000cb6   0x00000002   PAD
    0x08000cb8   0x08000cb8   0x0000002c   Code   RO          282    .text               c_w.l(scanf_char.o)
    0x08000ce4   0x08000ce4   0x00000040   Code   RO          284    .text               c_w.l(_sgetc.o)
    0x08000d24   0x08000d24   0x00000114   Code   RO          286    .text               c_w.l(_scanf_mbtowc.o)
    0x08000e38   0x08000e38   0x000000e8   Code   RO          288    .text               c_w.l(_scanf_wctomb.o)
    0x08000f20   0x08000f20   0x000000d0   Code   RO          290    .text               c_w.l(_scanf_wstr.o)
    0x08000ff0   0x08000ff0   0x0000008a   Code   RO          317    .text               c_w.l(lludiv10.o)
    0x0800107a   0x0800107a   0x00000012   Code   RO          319    .text               c_w.l(isspace.o)
    0x0800108c   0x0800108c   0x000000b2   Code   RO          321    .text               c_w.l(_printf_intcommon.o)
    0x0800113e   0x0800113e   0x0000041c   Code   RO          323    .text               c_w.l(_printf_fp_dec.o)
    0x0800155a   0x0800155a   0x00000002   PAD
    0x0800155c   0x0800155c   0x000002fc   Code   RO          327    .text               c_w.l(_printf_fp_hex.o)
    0x08001858   0x08001858   0x0000002c   Code   RO          332    .text               c_w.l(_printf_char.o)
    0x08001884   0x08001884   0x0000002c   Code   RO          334    .text               c_w.l(_printf_wchar.o)
    0x080018b0   0x080018b0   0x0000001c   Code   RO          337    .text               c_w.l(_chval.o)
    0x080018cc   0x080018cc   0x00000374   Code   RO          339    .text               c_w.l(_scanf.o)
    0x08001c40   0x08001c40   0x000004f8   Code   RO          341    .text               c_w.l(scanf_fp.o)
    0x08002138   0x08002138   0x0000001e   Code   RO          345    .text               c_w.l(_scanf_wcharmap.o)
    0x08002156   0x08002156   0x00000040   Code   RO          347    .text               c_w.l(_mbrtoc16.o)
    0x08002196   0x08002196   0x00000048   Code   RO          349    .text               c_w.l(_c16rtomb.o)
    0x080021de   0x080021de   0x0000004a   Code   RO          351    .text               c_w.l(sys_stackheap_outer.o)
    0x08002228   0x08002228   0x00000010   Code   RO          353    .text               c_w.l(rt_ctype_table.o)
    0x08002238   0x08002238   0x00000008   Code   RO          358    .text               c_w.l(rt_locale_intlibspace.o)
    0x08002240   0x08002240   0x00000008   Code   RO          363    .text               c_w.l(rt_errno_addr_intlibspace.o)
    0x08002248   0x08002248   0x00000026   Code   RO          365    .text               c_w.l(llshl.o)
    0x0800226e   0x0800226e   0x00000002   PAD
    0x08002270   0x08002270   0x00000080   Code   RO          367    .text               c_w.l(_printf_fp_infnan.o)
    0x080022f0   0x080022f0   0x000000e4   Code   RO          369    .text               c_w.l(bigflt0.o)
    0x080023d4   0x080023d4   0x00000012   Code   RO          402    .text               c_w.l(exit.o)
    0x080023e6   0x080023e6   0x00000002   PAD
    0x080023e8   0x080023e8   0x00000008   Code   RO          435    .text               c_w.l(libspace.o)
    0x080023f0   0x080023f0   0x00000016   Code   RO          440    .text               c_w.l(_rserrno.o)
    0x08002406   0x08002406   0x00000002   PAD
    0x08002408   0x08002408   0x00000320   Code   RO          442    .text               c_w.l(scanf_hexfp.o)
    0x08002728   0x08002728   0x00000134   Code   RO          444    .text               c_w.l(scanf_infnan.o)
    0x0800285c   0x0800285c   0x00000004   PAD
    0x08002860   0x08002860   0x0000007c   Code   RO          451    .text               c_w.l(strcmpv7em.o)
    0x080028dc   0x080028dc   0x0000000c   Code   RO          543    .text               c_w.l(sys_exit.o)
    0x080028e8   0x080028e8   0x00000002   Code   RO          576    .text               c_w.l(use_no_semi.o)
    0x080028ea   0x080028ea   0x00000000   Code   RO          578    .text               c_w.l(indicate_semi.o)
    0x080028ea   0x080028ea   0x00000002   PAD
    0x080028ec   0x080028ec   0x000000a8   Code   RO          127    .text.I2C1_init     lcd_i2c.o
    0x08002994   0x08002994   0x00000012   Code   RO          161    .text.SystemInit    system_stm32f4xx.o
    0x080029a6   0x080029a6   0x00000002   PAD
    0x080029a8   0x080029a8   0x0000001e   Code   RO           64    .text.bcd2dec       main.o
    0x080029c6   0x080029c6   0x00000002   PAD
    0x080029c8   0x080029c8   0x000000a0   Code   RO           86    .text.check_pin_blocking  main.o
    0x08002a68   0x08002a68   0x00000062   Code   RO            8    .text.col_drive     keypad.o
    0x08002aca   0x08002aca   0x00000002   PAD
    0x08002acc   0x08002acc   0x00000026   Code   RO            4    .text.cols_release  keypad.o
    0x08002af2   0x08002af2   0x00000002   PAD
    0x08002af4   0x08002af4   0x000000a0   Code   RO           28    .text.config_spi1_pins  main.o
    0x08002b94   0x08002b94   0x0000008c   Code   RO           12    .text.confirm_row   keypad.o
    0x08002c20   0x08002c20   0x0000000e   Code   RO           36    .text.cs_high       main.o
    0x08002c2e   0x08002c2e   0x00000002   PAD
    0x08002c30   0x08002c30   0x00000010   Code   RO           50    .text.cs_low        main.o
    0x08002c40   0x08002c40   0x00000026   Code   RO           68    .text.dec2bcd       main.o
    0x08002c66   0x08002c66   0x00000002   PAD
    0x08002c68   0x08002c68   0x00000038   Code   RO          125    .text.delayMs       lcd_i2c.o
    0x08002ca0   0x08002ca0   0x00000032   Code   RO           24    .text.delay_ms      main.o
    0x08002cd2   0x08002cd2   0x00000002   PAD
    0x08002cd4   0x08002cd4   0x00000022   Code   RO           26    .text.enable_gpio_spi1_clocks  main.o
    0x08002cf6   0x08002cf6   0x00000002   PAD
    0x08002cf8   0x08002cf8   0x000000c8   Code   RO          115    .text.getData       uart.o
    0x08002dc0   0x08002dc0   0x00000062   Code   RO           66    .text.getTime       main.o
    0x08002e22   0x08002e22   0x00000002   PAD
    0x08002e24   0x08002e24   0x00000024   Code   RO          113    .text.getcUart      uart.o
    0x08002e48   0x08002e48   0x00000062   Code   RO           32    .text.gpio_af       main.o
    0x08002eaa   0x08002eaa   0x00000002   PAD
    0x08002eac   0x08002eac   0x00000044   Code   RO           34    .text.gpio_highspeed  main.o
    0x08002ef0   0x08002ef0   0x00000036   Code   RO           30    .text.gpio_mode     main.o
    0x08002f26   0x08002f26   0x00000002   PAD
    0x08002f28   0x08002f28   0x000000ba   Code   RO          129    .text.i2c_write     lcd_i2c.o
    0x08002fe2   0x08002fe2   0x00000002   PAD
    0x08002fe4   0x08002fe4   0x00000116   Code   RO           62    .text.initRTC       main.o
    0x080030fa   0x080030fa   0x00000002   PAD
    0x080030fc   0x080030fc   0x0000008a   Code   RO          105    .text.initUsart2    uart.o
    0x08003186   0x08003186   0x00000002   PAD
    0x08003188   0x08003188   0x00000228   Code   RO            2    .text.keypad_init   keypad.o
    0x080033b0   0x080033b0   0x00000088   Code   RO           14    .text.keypad_read_code  keypad.o
    0x08003438   0x08003438   0x000000ae   Code   RO            6    .text.keypad_scan   keypad.o
    0x080034e6   0x080034e6   0x00000002   PAD
    0x080034e8   0x080034e8   0x00000010   Code   RO          139    .text.lcd_clear     lcd_i2c.o
    0x080034f8   0x080034f8   0x0000004a   Code   RO          137    .text.lcd_init      lcd_i2c.o
    0x08003542   0x08003542   0x00000002   PAD
    0x08003544   0x08003544   0x00000022   Code   RO          143    .text.lcd_print     lcd_i2c.o
    0x08003566   0x08003566   0x00000002   PAD
    0x08003568   0x08003568   0x0000002a   Code   RO          133    .text.lcd_send_cmd  lcd_i2c.o
    0x08003592   0x08003592   0x00000002   PAD
    0x08003594   0x08003594   0x0000002a   Code   RO          135    .text.lcd_send_data  lcd_i2c.o
    0x080035be   0x080035be   0x00000002   PAD
    0x080035c0   0x080035c0   0x00000036   Code   RO          131    .text.lcd_write4    lcd_i2c.o
    0x080035f6   0x080035f6   0x00000002   PAD
    0x080035f8   0x080035f8   0x000000fe   Code   RO           60    .text.leds_init     main.o
    0x080036f6   0x080036f6   0x00000002   PAD
    0x080036f8   0x080036f8   0x0000039c   Code   RO           74    .text.main          main.o
    0x08003a94   0x08003a94   0x00000024   Code   RO           56    .text.mfrc522_antenna_on  main.o
    0x08003ab8   0x08003ab8   0x000000ac   Code   RO           90    .text.mfrc522_crc   main.o
    0x08003b64   0x08003b64   0x0000001e   Code   RO           44    .text.mfrc522_hw_reset  main.o
    0x08003b82   0x08003b82   0x00000002   PAD
    0x08003b84   0x08003b84   0x00000048   Code   RO           58    .text.mfrc522_init_14443a  main.o
    0x08003bcc   0x08003bcc   0x00000030   Code   RO           48    .text.mfrc522_read  main.o
    0x08003bfc   0x08003bfc   0x00000012   Code   RO           54    .text.mfrc522_soft_reset  main.o
    0x08003c0e   0x08003c0e   0x00000002   PAD
    0x08003c10   0x08003c10   0x00000176   Code   RO           88    .text.mfrc522_transceive  main.o
    0x08003d86   0x08003d86   0x00000002   PAD
    0x08003d88   0x08003d88   0x0000002e   Code   RO           52    .text.mfrc522_write  main.o
    0x08003db6   0x08003db6   0x00000002   PAD
    0x08003db8   0x08003db8   0x000000b4   Code   RO           78    .text.picc_anticoll_cl1  main.o
    0x08003e6c   0x08003e6c   0x00000074   Code   RO           76    .text.picc_request_a  main.o
    0x08003ee0   0x08003ee0   0x000000ca   Code   RO           82    .text.picc_select_cl1  main.o
    0x08003faa   0x08003faa   0x00000002   PAD
    0x08003fac   0x08003fac   0x0000002e   Code   RO          109    .text.putcUart      uart.o
    0x08003fda   0x08003fda   0x00000002   PAD
    0x08003fdc   0x08003fdc   0x00000032   Code   RO          111    .text.putsUart      uart.o
    0x0800400e   0x0800400e   0x00000002   PAD
    0x08004010   0x08004010   0x0000007a   Code   RO           10    .text.read_row      keypad.o
    0x0800408a   0x0800408a   0x00000002   PAD
    0x0800408c   0x0800408c   0x00000028   Code   RO           72    .text.resetData     main.o
    0x080040b4   0x080040b4   0x0000000e   Code   RO           38    .text.rst_high      main.o
    0x080040c2   0x080040c2   0x00000002   PAD
    0x080040c4   0x080040c4   0x00000010   Code   RO           46    .text.rst_low       main.o
    0x080040d4   0x080040d4   0x0000009c   Code   RO           70    .text.setTime       main.o
    0x08004170   0x08004170   0x00000032   Code   RO           40    .text.spi1_init_mode0  main.o
    0x080041a2   0x080041a2   0x00000002   PAD
    0x080041a4   0x080041a4   0x0000004c   Code   RO           42    .text.spi1_txrx     main.o
    0x080041f0   0x080041f0   0x0000001c   Code   RO          107    .text.uart_set_baudrate  uart.o
    0x0800420c   0x0800420c   0x0000005a   Code   RO           84    .text.uid_equal     main.o
    0x08004266   0x08004266   0x00000002   PAD
    0x08004268   0x08004268   0x0000006c   Code   RO           80    .text.uid_to_hex    main.o
    0x080042d4   0x080042d4   0x0000003e   Code   RO          372    CL$$btod_d2e        c_w.l(btod.o)
    0x08004312   0x08004312   0x00000046   Code   RO          374    CL$$btod_d2e_denorm_low  c_w.l(btod.o)
    0x08004358   0x08004358   0x00000060   Code   RO          373    CL$$btod_d2e_norm_op1  c_w.l(btod.o)
    0x080043b8   0x080043b8   0x00000338   Code   RO          382    CL$$btod_div_common  c_w.l(btod.o)
    0x080046f0   0x080046f0   0x00000084   Code   RO          380    CL$$btod_e2d        c_w.l(btod.o)
    0x08004774   0x08004774   0x000000dc   Code   RO          379    CL$$btod_e2e        c_w.l(btod.o)
    0x08004850   0x08004850   0x0000002a   Code   RO          376    CL$$btod_ediv       c_w.l(btod.o)
    0x0800487a   0x0800487a   0x0000002a   Code   RO          378    CL$$btod_edivd      c_w.l(btod.o)
    0x080048a4   0x080048a4   0x0000002a   Code   RO          375    CL$$btod_emul       c_w.l(btod.o)
    0x080048ce   0x080048ce   0x0000002a   Code   RO          377    CL$$btod_emuld      c_w.l(btod.o)
    0x080048f8   0x080048f8   0x00000244   Code   RO          381    CL$$btod_mult_common  c_w.l(btod.o)
    0x08004b3c   0x08004b3c   0x00000030   Code   RO          425    i.__ARM_fpclassify  m_wm.l(fpclassify.o)
    0x08004b6c   0x08004b6c   0x00000004   PAD
    0x08004b70   0x08004b70   0x000000f8   Code   RO          427    i.__hardfp___mathlib_tofloat  m_wm.l(narrow.o)
    0x08004c68   0x08004c68   0x000000d0   Code   RO          535    i.__hardfp_ldexp    m_wm.l(ldexp.o)
    0x08004d38   0x08004d38   0x00000020   Code   RO          562    i.__mathlib_dbl_overflow  m_wm.l(dunder.o)
    0x08004d58   0x08004d58   0x00000020   Code   RO          564    i.__mathlib_dbl_underflow  m_wm.l(dunder.o)
    0x08004d78   0x08004d78   0x00000012   Code   RO          428    i.__mathlib_narrow  m_wm.l(narrow.o)
    0x08004d8a   0x08004d8a   0x00000014   Code   RO          537    i.__support_ldexp   m_wm.l(ldexp.o)
    0x08004d9e   0x08004d9e   0x0000000e   Code   RO          243    i._is_digit         c_w.l(__printf_wp.o)
    0x08004dac   0x08004dac   0x00000004   PAD
    0x08004db0   0x08004db0   0x0000008c   Code   RO          508    i.frexp             m_wm.l(frexp.o)
    0x08004e3c   0x08004e3c   0x0000002c   Code   RO          400    locale$$code        c_w.l(lc_numeric_c.o)
    0x08004e68   0x08004e68   0x0000002c   Code   RO          449    locale$$code        c_w.l(lc_ctype_c.o)
    0x08004e94   0x08004e94   0x00000062   Code   RO          500    x$fpl$d2f           fz_wm.l(d2f.o)
    0x08004ef6   0x08004ef6   0x00000002   PAD
    0x08004ef8   0x08004ef8   0x00000010   Code   RO          607    x$fpl$dcheck1       fz_wm.l(dcheck1.o)
    0x08004f08   0x08004f08   0x00000018   Code   RO          523    x$fpl$dcmpinf       fz_wm.l(dcmpi.o)
    0x08004f20   0x08004f20   0x00000078   Code   RO          502    x$fpl$deqf          fz_wm.l(deqf.o)
    0x08004f98   0x08004f98   0x00000078   Code   RO          525    x$fpl$dleqf         fz_wm.l(dleqf.o)
    0x08005010   0x08005010   0x00000154   Code   RO          527    x$fpl$dmul          fz_wm.l(dmul.o)
    0x08005164   0x08005164   0x0000009c   Code   RO          529    x$fpl$dnaninf       fz_wm.l(dnaninf.o)
    0x08005200   0x08005200   0x0000000c   Code   RO          554    x$fpl$dretinf       fz_wm.l(dretinf.o)
    0x0800520c   0x0800520c   0x0000006c   Code   RO          504    x$fpl$drleqf        fz_wm.l(drleqf.o)
    0x08005278   0x08005278   0x0000001a   Code   RO          531    x$fpl$fpinit        fz_wm.l(fpinit.o)
    0x08005292   0x08005292   0x0000000a   Code   RO          533    x$fpl$fretinf       fz_wm.l(fretinf.o)
    0x0800529c   0x0800529c   0x00000006   Code   RO          416    x$fpl$ieeestatus    fz_wm.l(istatus.o)
    0x080052a2   0x080052a2   0x00000004   Code   RO          292    x$fpl$printf1       fz_wm.l(printf1.o)
    0x080052a6   0x080052a6   0x00000004   Code   RO          294    x$fpl$printf2       fz_wm.l(printf2.o)
    0x080052aa   0x080052aa   0x00000064   Code   RO          619    x$fpl$retnan        fz_wm.l(retnan.o)
    0x0800530e   0x0800530e   0x0000005c   Code   RO          556    x$fpl$scalbn        fz_wm.l(scalbn.o)
    0x0800536a   0x0800536a   0x00000004   Code   RO          300    x$fpl$scanf1        fz_wm.l(scanf1.o)
    0x0800536e   0x0800536e   0x00000008   Code   RO          418    x$fpl$scanf2        fz_wm.l(scanf2.o)
    0x08005376   0x08005376   0x00000030   Code   RO          625    x$fpl$trapveneer    fz_wm.l(trapv.o)
    0x080053a6   0x080053a6   0x00000000   Code   RO          424    x$fpl$usenofp       fz_wm.l(usenofp.o)
    0x080053a6   0x080053a6   0x00000002   PAD
    0x080053a8   0x080053a8   0x00000008   Data   RO          202    .constdata          c_w.l(_printf_wctomb.o)
    0x080053b0   0x080053b0   0x00000028   Data   RO          231    .constdata          c_w.l(_printf_hex_int_ll_ptr.o)
    0x080053d8   0x080053d8   0x00000011   Data   RO          251    .constdata          c_w.l(__printf_flags_ss_wp.o)
    0x080053e9   0x080053e9   0x00000026   Data   RO          328    .constdata          c_w.l(_printf_fp_hex.o)
    0x0800540f   0x0800540f   0x00000001   PAD
    0x08005410   0x08005410   0x00000094   Data   RO          370    .constdata          c_w.l(bigflt0.o)
    0x080054a4   0x080054a4   0x00000004   Data   RO           94    .rodata.AUTH_UID    main.o
    0x080054a8   0x080054a8   0x00000004   Data   RO           96    .rodata.EXPECTED_PIN  main.o
    0x080054ac   0x080054ac   0x00000010   Data   RO           16    .rodata.kp_map      keypad.o
    0x080054bc   0x080054bc   0x00000126   Data   RO           92    .rodata.str1.1      main.o
    0x080055e2   0x080055e2   0x00000002   PAD
    0x080055e4   0x080055e4   0x00000010   Data   RO          650    Region$$Table       anon$$obj.o
    0x080055f4   0x080055f4   0x00000008   Data   RO          412    c$$dinf             fz_wm.l(fpconst.o)
    0x080055fc   0x080055fc   0x00000008   Data   RO          415    c$$dmax             fz_wm.l(fpconst.o)
    0x08005604   0x08005604   0x0000001c   Data   RO          399    locale$$data        c_w.l(lc_numeric_c.o)
    0x08005620   0x08005620   0x00000110   Data   RO          448    locale$$data        c_w.l(lc_ctype_c.o)


    Execution Region ER_RW (Exec base: 0x20000000, Load base: 0x08005730, Size: 0x00000000, Max: 0xffffffff, ABSOLUTE)

    **** No section assigned to this execution region ****


    Execution Region ER_ZI (Exec base: 0x20000000, Load base: 0x08005730, Size: 0x00000670, Max: 0xffffffff, ABSOLUTE)

    Exec Addr    Load Addr    Size         Type   Attr      Idx    E Section Name        Object

    0x20000000        -       0x00000060   Zero   RW          436    .bss                c_w.l(libspace.o)
    0x20000060        -       0x0000000c   Zero   RW           93    .bss.main.uid_str   main.o
    0x2000006c   0x08005730   0x00000004   PAD
    0x20000070        -       0x00000200   Zero   RW          152    HEAP                startup_stm32f446xx.o
    0x20000270        -       0x00000400   Zero   RW          151    STACK               startup_stm32f446xx.o


==============================================================================

Image component sizes


      Code (inc. data)   RO Data    RW Data    ZI Data      Debug   Object Name

      1260          4         16          0          0       3649   keypad.o
       672          0          0          0          0       3409   lcd_i2c.o
      4120          0        302          0         12      10799   main.o
        64         26        452          0       1536        904   startup_stm32f446xx.o
        18          0          0          0          0       2888   system_stm32f4xx.o
       498          0          0          0          0       3143   uart.o

    ----------------------------------------------------------------------
      6696         30        788          0       1552      24792   Object Totals
         0          0         16          0          0          0   (incl. Generated)
        64          0          2          0          4          0   (incl. Padding)

    ----------------------------------------------------------------------

      Code (inc. data)   RO Data    RW Data    ZI Data      Debug   Library Member Name

         8          0          0          0          0         68   __main.o
       392          4         17          0          0         92   __printf_flags_ss_wp.o
        14          0          0          0          0         68   __printf_wp.o
         0          0          0          0          0          0   __rtentry.o
        12          0          0          0          0          0   __rtentry2.o
         6          0          0          0          0          0   __rtentry4.o
        94          8          0          0          0          0   __scatter.o
        28          0          0          0          0          0   __scatter_zi.o
        72          0          0          0          0         96   _c16rtomb.o
        28          0          0          0          0         68   _chval.o
        64          0          0          0          0         84   _mbrtoc16.o
         6          0          0          0          0          0   _printf_a.o
         6          0          0          0          0          0   _printf_c.o
        44          0          0          0          0        108   _printf_char.o
        48          6          0          0          0         96   _printf_char_common.o
        40          0          0          0          0         68   _printf_charcount.o
         6          0          0          0          0          0   _printf_d.o
       120         16          0          0          0         92   _printf_dec.o
         6          0          0          0          0          0   _printf_e.o
         6          0          0          0          0          0   _printf_f.o
      1052          0          0          0          0        148   _printf_fp_dec.o
       764          8         38          0          0        100   _printf_fp_hex.o
       128         16          0          0          0         84   _printf_fp_infnan.o
         6          0          0          0          0          0   _printf_g.o
       148          4         40          0          0        160   _printf_hex_int_ll_ptr.o
         6          0          0          0          0          0   _printf_i.o
       178          0          0          0          0         88   _printf_intcommon.o
        10          0          0          0          0          0   _printf_l.o
         6          0          0          0          0          0   _printf_lc.o
        10          0          0          0          0          0   _printf_ll.o
         6          0          0          0          0          0   _printf_lld.o
         6          0          0          0          0          0   _printf_lli.o
         6          0          0          0          0          0   _printf_llo.o
         6          0          0          0          0          0   _printf_llu.o
         6          0          0          0          0          0   _printf_llx.o
       124         16          0          0          0         92   _printf_longlong_dec.o
         6          0          0          0          0          0   _printf_ls.o
         6          0          0          0          0          0   _printf_n.o
         6          0          0          0          0          0   _printf_o.o
       112          8          0          0          0        124   _printf_oct_int_ll.o
         6          0          0          0          0          0   _printf_p.o
        78          0          0          0          0        108   _printf_pad.o
         0          0          0          0          0          0   _printf_percent.o
         4          0          0          0          0          0   _printf_percent_end.o
         6          0          0          0          0          0   _printf_s.o
        82          0          0          0          0         80   _printf_str.o
        36          0          0          0          0         84   _printf_truncate.o
         6          0          0          0          0          0   _printf_u.o
        44          0          0          0          0        108   _printf_wchar.o
       188          6          8          0          0         92   _printf_wctomb.o
         6          0          0          0          0          0   _printf_x.o
        22          0          0          0          0        100   _rserrno.o
       884          6          0          0          0        100   _scanf.o
       332          0          0          0          0         96   _scanf_int.o
       342          0          0          0          0        100   _scanf_longlong.o
       276          0          0          0          0        100   _scanf_mbtowc.o
       224          0          0          0          0         96   _scanf_str.o
        30          0          0          0          0         76   _scanf_wcharmap.o
       232          0          0          0          0        100   _scanf_wctomb.o
       208          0          0          0          0         96   _scanf_wstr.o
        64          0          0          0          0         84   _sgetc.o
        10          0          0          0          0         68   _sputc.o
       228          4        148          0          0         96   bigflt0.o
      2152        136          0          0          0        956   btod.o
        18          0          0          0          0         80   exit.o
         6          0          0          0          0        152   heapauxi.o
         0          0          0          0          0          0   indicate_semi.o
        18          0          0          0          0         76   isspace.o
        44         10        272          0          0         76   lc_ctype_c.o
        44         10         28          0          0         76   lc_numeric_c.o
         2          0          0          0          0          0   libinit.o
        34          0          0          0          0          0   libinit2.o
         2          0          0          0          0          0   libshutdown.o
         2          0          0          0          0          0   libshutdown2.o
         8          4          0          0         96         68   libspace.o
        38          0          0          0          0         68   llshl.o
       138          0          0          0          0         80   lludiv10.o
        16          4          0          0          0         76   rt_ctype_table.o
         8          4          0          0          0         68   rt_errno_addr_intlibspace.o
         8          4          0          0          0         68   rt_locale_intlibspace.o
         2          0          0          0          0          0   rtexit.o
        10          0          0          0          0          0   rtexit2.o
        44          8          0          0          0         84   scanf_char.o
      1272         16          0          0          0        168   scanf_fp.o
       800         14          0          0          0        100   scanf_hexfp.o
       308         16          0          0          0        100   scanf_infnan.o
        44          6          0          0          0         84   sprintf.o
        60          8          0          0          0         84   sscanf.o
       124          0          0          0          0         88   strcmpv7em.o
        12          4          0          0          0         68   sys_exit.o
        74          0          0          0          0         80   sys_stackheap_outer.o
         2          0          0          0          0         68   use_no_semi.o
        98          4          0          0          0        140   d2f.o
        16          4          0          0          0        116   dcheck1.o
        24          0          0          0          0        116   dcmpi.o
       120          4          0          0          0        140   deqf.o
       120          4          0          0          0        140   dleqf.o
       340         12          0          0          0        152   dmul.o
       156          4          0          0          0        140   dnaninf.o
        12          0          0          0          0        116   dretinf.o
       108          0          0          0          0        128   drleqf.o
         0          0         16          0          0          0   fpconst.o
        26          0          0          0          0        116   fpinit.o
        10          0          0          0          0        116   fretinf.o
         6          0          0          0          0        116   istatus.o
         4          0          0          0          0        116   printf1.o
         4          0          0          0          0        116   printf2.o
       100          0          0          0          0        116   retnan.o
        92          0          0          0          0        116   scalbn.o
         4          0          0          0          0        116   scanf1.o
         8          0          0          0          0        132   scanf2.o
        48          0          0          0          0        116   trapv.o
         0          0          0          0          0          0   usenofp.o
        64         16          0          0          0        248   dunder.o
        48          0          0          0          0        124   fpclassify.o
       140         22          0          0          0        132   frexp.o
       228          8          0          0          0        308   ldexp.o
       266         16          0          0          0        308   narrow.o

    ----------------------------------------------------------------------
     14268        444        568          0         96       9472   Library Totals
        36          4          1          0          0          0   (incl. Padding)

    ----------------------------------------------------------------------

      Code (inc. data)   RO Data    RW Data    ZI Data      Debug   Library Name

     12190        346        551          0         96       5988   c_w.l
      1296         32         16          0          0       2364   fz_wm.l
       746         62          0          0          0       1120   m_wm.l

    ----------------------------------------------------------------------
     14268        444        568          0         96       9472   Library Totals

    ----------------------------------------------------------------------

==============================================================================


      Code (inc. data)   RO Data    RW Data    ZI Data      Debug   

     20964        474       1356          0       1648      28460   Grand Totals
     20964        474       1356          0       1648      28460   ELF Image Totals
     20964        474       1356          0          0          0   ROM Totals

==============================================================================

    Total RO  Size (Code + RO Data)                22320 (  21.80kB)
    Total RW  Size (RW Data + ZI Data)              1648 (   1.61kB)
    Total ROM Size (Code + RO Data + RW Data)      22320 (  21.80kB)

==============================================================================

